Start: Mon Jul 13 03:42:29 PDT 2026
qb3-atgpu3.wynton.ucsf.edu
==============================================================
job_number:                 4165113
exec_file:                  job_scripts/4165113
submission_time:            Mon Jul 13 00:46:46 2026
owner:                      geanhu
uid:                        64854
group:                      wynton-rotation
gid:                        60001
sge_o_home:                 /wynton/home/rotation/geanhu
sge_o_log_name:             geanhu
sge_o_path:                 /wynton/home/cbi/shared/software/CBI/miniforge3-26.3.2-2/condabin:/wynton/home/cbi/shared/software/CBI/miniforge3-26.3.2-2/bin:/wynton/home/ferrin/goddard/localcolabfold/localcolabfold/colabfold-conda/bin:/wynton/home/rotation/geanhu/.local/bin:/wynton/home/rotation/geanhu/bin:/opt/sge/bin:/opt/sge/bin/lx-amd64:/usr/local/bin:/usr/bin:/usr/local/sbin:/usr/sbin:/wynton/home/kortemme/xingjiepan/Softwares/Rosetta/Rosetta/main/source/bin
sge_o_shell:                /bin/bash
sge_o_workdir:              /wynton/home/rotation/geanhu/multi-state/scripts
sge_o_host:                 dev3
account:                    sge
cwd:                        /wynton/home/rotation/geanhu/multi-state/scripts
merge:                      y
hard resource_list:         compute_cap=80,gpu_mem=40G,h_rt=7200,mem_free=32G,scratch=32G,hostname=!qb3-idgpu18&!qb3-atgpu4
mail_list:                  geanhu@dev3.wynton.ucsf.edu
notify:                     FALSE
job_name:                   diffusion
stdout_path_list:           NONE:NONE:logs/rfdiffusion/$JOB_ID.log
jobshare:                   0
hard_queue_list:            gpu.q
shell_list:                 NONE:/bin/bash
env_list:                   TERM=NONE
script_file:                rfdiffusion.sh
parallel environment:  smp range: 1
project:                    wynton-rotation
binding:                    NONE
job_type:                   NONE
usage         1:            cpu=00:00:00, mem=0.00000 GB s, io=0.00000 GB, vmem=N/A, maxvmem=N/A
binding       1:            NONE
scheduling info:            (Collecting of scheduler job information is turned off)
------Start of script-------
#!/bin/bash
#$ -S /bin/bash
#$ -q gpu.q
#$ -pe smp 1
#$ -l compute_cap=80,gpu_mem=40G
#$ -cwd
#$ -N diffusion
#$ -o logs/rfdiffusion/$JOB_ID.log
#$ -j y
#$ -l h_rt=02:00:00
#$ -l mem_free=32G
#$ -l scratch=32G
#$ -l h=!qb3-idgpu18&!qb3-atgpu4
##$ -t 1-159

# metadata
echo "Start: $(date)"
echo "$(hostname)"
[[ -n "$JOB_ID" ]] && qstat -j "$JOB_ID"
echo "------Start of script-------"
cat "$0"
echo ""
echo "-------End of script---------"

# setup env
module load CBI miniforge3
conda activate SE3nv

# # create array job settings
input_dir="$HOME/multi-state/data/string-sampling/end-states/"
# pdb_list="${input_dir}/5kph.txt"
# PDB_FILE=$(sed -n "${SGE_TASK_ID}p" "$pdb_list")

# run
for steps in 100 150 200; do
    python ~/software/RFdiffusion/scripts/run_inference.py \
        inference.num_designs=1 \
        diffuser.partial_T=1 \
        diffuser.T=$steps \
        'contigmap.contigs=[108-108]' \
        "inference.input_pdb=$input_dir/5KPE_8_8_0.pdb" \
        "inference.output_prefix=$HOME/multi-state/data/diffusion-output/5KPE_higher-T/$steps"
done

#end
echo "End: $(date)"
echo "-----------"
-------End of script---------
/wynton/home/rotation/geanhu/software/RFdiffusion/rfdiffusion/util.py:253: UserWarning: Using torch.cross without specifying the dim arg is deprecated.
Please either pass the dim explicitly or simply use torch.linalg.cross.
The default value of dim will change to agree with that of linalg.cross in a future release. (Triggered internally at ../aten/src/ATen/native/Cross.cpp:62.)
  Z = torch.cross(Xn, Yn)
[2026-07-13 03:42:40,400][__main__][INFO] - Found GPU with device_name NVIDIA A40. Will run RFdiffusion on NVIDIA A40
Reading models from /wynton/home/rotation/geanhu/software/RFdiffusion/rfdiffusion/inference/../../models
[2026-07-13 03:42:40,405][rfdiffusion.inference.model_runners][INFO] - Reading checkpoint from /wynton/home/rotation/geanhu/software/RFdiffusion/rfdiffusion/inference/../../models/Base_ckpt.pt
This is inf_conf.ckpt_path
/wynton/home/rotation/geanhu/software/RFdiffusion/rfdiffusion/inference/../../models/Base_ckpt.pt
Assembling -model, -diffuser and -preprocess configs from checkpoint
USING MODEL CONFIG: self._conf[model][n_extra_block] = 4
USING MODEL CONFIG: self._conf[model][n_main_block] = 32
USING MODEL CONFIG: self._conf[model][n_ref_block] = 4
USING MODEL CONFIG: self._conf[model][d_msa] = 256
USING MODEL CONFIG: self._conf[model][d_msa_full] = 64
USING MODEL CONFIG: self._conf[model][d_pair] = 128
USING MODEL CONFIG: self._conf[model][d_templ] = 64
USING MODEL CONFIG: self._conf[model][n_head_msa] = 8
USING MODEL CONFIG: self._conf[model][n_head_pair] = 4
USING MODEL CONFIG: self._conf[model][n_head_templ] = 4
USING MODEL CONFIG: self._conf[model][d_hidden] = 32
USING MODEL CONFIG: self._conf[model][d_hidden_templ] = 32
USING MODEL CONFIG: self._conf[model][p_drop] = 0.15
USING MODEL CONFIG: self._conf[model][SE3_param_full] = {'num_layers': 1, 'num_channels': 32, 'num_degrees': 2, 'n_heads': 4, 'div': 4, 'l0_in_features': 8, 'l0_out_features': 8, 'l1_in_features': 3, 'l1_out_features': 2, 'num_edge_features': 32}
USING MODEL CONFIG: self._conf[model][SE3_param_topk] = {'num_layers': 1, 'num_channels': 32, 'num_degrees': 2, 'n_heads': 4, 'div': 4, 'l0_in_features': 64, 'l0_out_features': 64, 'l1_in_features': 3, 'l1_out_features': 2, 'num_edge_features': 64}
USING MODEL CONFIG: self._conf[model][freeze_track_motif] = False
USING MODEL CONFIG: self._conf[model][use_motif_timestep] = True
USING MODEL CONFIG: self._conf[diffuser][T] = 50
USING MODEL CONFIG: self._conf[diffuser][b_0] = 0.01
USING MODEL CONFIG: self._conf[diffuser][b_T] = 0.07
USING MODEL CONFIG: self._conf[diffuser][schedule_type] = linear
USING MODEL CONFIG: self._conf[diffuser][so3_type] = igso3
USING MODEL CONFIG: self._conf[diffuser][crd_scale] = 0.25
USING MODEL CONFIG: self._conf[diffuser][so3_schedule_type] = linear
USING MODEL CONFIG: self._conf[diffuser][min_b] = 1.5
USING MODEL CONFIG: self._conf[diffuser][max_b] = 2.5
USING MODEL CONFIG: self._conf[diffuser][min_sigma] = 0.02
USING MODEL CONFIG: self._conf[diffuser][max_sigma] = 1.5
USING MODEL CONFIG: self._conf[preprocess][sidechain_input] = False
USING MODEL CONFIG: self._conf[preprocess][motif_sidechain_input] = True
USING MODEL CONFIG: self._conf[preprocess][d_t1d] = 22
USING MODEL CONFIG: self._conf[preprocess][d_t2d] = 44
USING MODEL CONFIG: self._conf[preprocess][prob_self_cond] = 0.5
USING MODEL CONFIG: self._conf[preprocess][str_self_cond] = True
USING MODEL CONFIG: self._conf[preprocess][predict_previous] = False
WARNING: You are changing diffuser.partial_T from the value this model was trained with. Are you sure you know what you are doing?
WARNING: You are changing diffuser.T from the value this model was trained with. Are you sure you know what you are doing?
[2026-07-13 03:42:45,497][rfdiffusion.inference.model_runners][INFO] - Loading checkpoint.
[2026-07-13 03:42:45,631][rfdiffusion.diffusion][INFO] - Calculating IGSO3.
Successful diffuser __init__
[2026-07-13 03:43:07,805][__main__][INFO] - Making design /wynton/home/rotation/geanhu/multi-state/data/diffusion-output/5KPE_higher-T/100_0
[2026-07-13 03:43:07,812][rfdiffusion.inference.model_runners][INFO] - Using contig: ['108-108']
With this beta schedule (linear schedule, beta_0 = 0.02, beta_T = 0.14), alpha_bar_T = 0.0002225016796728596
[2026-07-13 03:43:07,858][rfdiffusion.inference.model_runners][INFO] - Sequence init: ------------------------------------------------------------------------------------------------------------
/wynton/home/rotation/geanhu/.conda/envs/SE3nv/lib/python3.9/site-packages/dgl/backend/pytorch/tensor.py:352: UserWarning: TypedStorage is deprecated. It will be removed in the future and UntypedStorage will be the only storage class. This should only matter to you if you are using storages directly.  To access UntypedStorage directly, use tensor.untyped_storage() instead of tensor.storage()
  assert input.numel() == input.storage().size(), "Cannot convert view " \
[2026-07-13 03:43:09,944][__main__][INFO] - Finished design in 0.04 minutes
/wynton/home/rotation/geanhu/software/RFdiffusion/rfdiffusion/util.py:253: UserWarning: Using torch.cross without specifying the dim arg is deprecated.
Please either pass the dim explicitly or simply use torch.linalg.cross.
The default value of dim will change to agree with that of linalg.cross in a future release. (Triggered internally at ../aten/src/ATen/native/Cross.cpp:62.)
  Z = torch.cross(Xn, Yn)
[2026-07-13 03:43:18,793][__main__][INFO] - Found GPU with device_name NVIDIA A40. Will run RFdiffusion on NVIDIA A40
Reading models from /wynton/home/rotation/geanhu/software/RFdiffusion/rfdiffusion/inference/../../models
[2026-07-13 03:43:18,795][rfdiffusion.inference.model_runners][INFO] - Reading checkpoint from /wynton/home/rotation/geanhu/software/RFdiffusion/rfdiffusion/inference/../../models/Base_ckpt.pt
This is inf_conf.ckpt_path
/wynton/home/rotation/geanhu/software/RFdiffusion/rfdiffusion/inference/../../models/Base_ckpt.pt
Assembling -model, -diffuser and -preprocess configs from checkpoint
USING MODEL CONFIG: self._conf[model][n_extra_block] = 4
USING MODEL CONFIG: self._conf[model][n_main_block] = 32
USING MODEL CONFIG: self._conf[model][n_ref_block] = 4
USING MODEL CONFIG: self._conf[model][d_msa] = 256
USING MODEL CONFIG: self._conf[model][d_msa_full] = 64
USING MODEL CONFIG: self._conf[model][d_pair] = 128
USING MODEL CONFIG: self._conf[model][d_templ] = 64
USING MODEL CONFIG: self._conf[model][n_head_msa] = 8
USING MODEL CONFIG: self._conf[model][n_head_pair] = 4
USING MODEL CONFIG: self._conf[model][n_head_templ] = 4
USING MODEL CONFIG: self._conf[model][d_hidden] = 32
USING MODEL CONFIG: self._conf[model][d_hidden_templ] = 32
USING MODEL CONFIG: self._conf[model][p_drop] = 0.15
USING MODEL CONFIG: self._conf[model][SE3_param_full] = {'num_layers': 1, 'num_channels': 32, 'num_degrees': 2, 'n_heads': 4, 'div': 4, 'l0_in_features': 8, 'l0_out_features': 8, 'l1_in_features': 3, 'l1_out_features': 2, 'num_edge_features': 32}
USING MODEL CONFIG: self._conf[model][SE3_param_topk] = {'num_layers': 1, 'num_channels': 32, 'num_degrees': 2, 'n_heads': 4, 'div': 4, 'l0_in_features': 64, 'l0_out_features': 64, 'l1_in_features': 3, 'l1_out_features': 2, 'num_edge_features': 64}
USING MODEL CONFIG: self._conf[model][freeze_track_motif] = False
USING MODEL CONFIG: self._conf[model][use_motif_timestep] = True
USING MODEL CONFIG: self._conf[diffuser][T] = 50
USING MODEL CONFIG: self._conf[diffuser][b_0] = 0.01
USING MODEL CONFIG: self._conf[diffuser][b_T] = 0.07
USING MODEL CONFIG: self._conf[diffuser][schedule_type] = linear
USING MODEL CONFIG: self._conf[diffuser][so3_type] = igso3
USING MODEL CONFIG: self._conf[diffuser][crd_scale] = 0.25
USING MODEL CONFIG: self._conf[diffuser][so3_schedule_type] = linear
USING MODEL CONFIG: self._conf[diffuser][min_b] = 1.5
USING MODEL CONFIG: self._conf[diffuser][max_b] = 2.5
USING MODEL CONFIG: self._conf[diffuser][min_sigma] = 0.02
USING MODEL CONFIG: self._conf[diffuser][max_sigma] = 1.5
USING MODEL CONFIG: self._conf[preprocess][sidechain_input] = False
USING MODEL CONFIG: self._conf[preprocess][motif_sidechain_input] = True
USING MODEL CONFIG: self._conf[preprocess][d_t1d] = 22
USING MODEL CONFIG: self._conf[preprocess][d_t2d] = 44
USING MODEL CONFIG: self._conf[preprocess][prob_self_cond] = 0.5
USING MODEL CONFIG: self._conf[preprocess][str_self_cond] = True
USING MODEL CONFIG: self._conf[preprocess][predict_previous] = False
WARNING: You are changing diffuser.partial_T from the value this model was trained with. Are you sure you know what you are doing?
WARNING: You are changing diffuser.T from the value this model was trained with. Are you sure you know what you are doing?
[2026-07-13 03:43:22,206][rfdiffusion.inference.model_runners][INFO] - Loading checkpoint.
[2026-07-13 03:43:22,343][rfdiffusion.diffusion][INFO] - Calculating IGSO3.
Successful diffuser __init__
[2026-07-13 03:43:46,932][__main__][INFO] - Making design /wynton/home/rotation/geanhu/multi-state/data/diffusion-output/5KPE_higher-T/150_0
[2026-07-13 03:43:46,937][rfdiffusion.inference.model_runners][INFO] - Using contig: ['108-108']
With this beta schedule (linear schedule, beta_0 = 0.013, beta_T = 0.093), alpha_bar_T = 0.000256984872976318
[2026-07-13 03:43:46,995][rfdiffusion.inference.model_runners][INFO] - Sequence init: ------------------------------------------------------------------------------------------------------------
/wynton/home/rotation/geanhu/.conda/envs/SE3nv/lib/python3.9/site-packages/dgl/backend/pytorch/tensor.py:352: UserWarning: TypedStorage is deprecated. It will be removed in the future and UntypedStorage will be the only storage class. This should only matter to you if you are using storages directly.  To access UntypedStorage directly, use tensor.untyped_storage() instead of tensor.storage()
  assert input.numel() == input.storage().size(), "Cannot convert view " \
[2026-07-13 03:43:49,290][__main__][INFO] - Finished design in 0.04 minutes
/wynton/home/rotation/geanhu/software/RFdiffusion/rfdiffusion/util.py:253: UserWarning: Using torch.cross without specifying the dim arg is deprecated.
Please either pass the dim explicitly or simply use torch.linalg.cross.
The default value of dim will change to agree with that of linalg.cross in a future release. (Triggered internally at ../aten/src/ATen/native/Cross.cpp:62.)
  Z = torch.cross(Xn, Yn)
[2026-07-13 03:43:58,457][__main__][INFO] - Found GPU with device_name NVIDIA A40. Will run RFdiffusion on NVIDIA A40
Reading models from /wynton/home/rotation/geanhu/software/RFdiffusion/rfdiffusion/inference/../../models
[2026-07-13 03:43:58,459][rfdiffusion.inference.model_runners][INFO] - Reading checkpoint from /wynton/home/rotation/geanhu/software/RFdiffusion/rfdiffusion/inference/../../models/Base_ckpt.pt
This is inf_conf.ckpt_path
/wynton/home/rotation/geanhu/software/RFdiffusion/rfdiffusion/inference/../../models/Base_ckpt.pt
Assembling -model, -diffuser and -preprocess configs from checkpoint
USING MODEL CONFIG: self._conf[model][n_extra_block] = 4
USING MODEL CONFIG: self._conf[model][n_main_block] = 32
USING MODEL CONFIG: self._conf[model][n_ref_block] = 4
USING MODEL CONFIG: self._conf[model][d_msa] = 256
USING MODEL CONFIG: self._conf[model][d_msa_full] = 64
USING MODEL CONFIG: self._conf[model][d_pair] = 128
USING MODEL CONFIG: self._conf[model][d_templ] = 64
USING MODEL CONFIG: self._conf[model][n_head_msa] = 8
USING MODEL CONFIG: self._conf[model][n_head_pair] = 4
USING MODEL CONFIG: self._conf[model][n_head_templ] = 4
USING MODEL CONFIG: self._conf[model][d_hidden] = 32
USING MODEL CONFIG: self._conf[model][d_hidden_templ] = 32
USING MODEL CONFIG: self._conf[model][p_drop] = 0.15
USING MODEL CONFIG: self._conf[model][SE3_param_full] = {'num_layers': 1, 'num_channels': 32, 'num_degrees': 2, 'n_heads': 4, 'div': 4, 'l0_in_features': 8, 'l0_out_features': 8, 'l1_in_features': 3, 'l1_out_features': 2, 'num_edge_features': 32}
USING MODEL CONFIG: self._conf[model][SE3_param_topk] = {'num_layers': 1, 'num_channels': 32, 'num_degrees': 2, 'n_heads': 4, 'div': 4, 'l0_in_features': 64, 'l0_out_features': 64, 'l1_in_features': 3, 'l1_out_features': 2, 'num_edge_features': 64}
USING MODEL CONFIG: self._conf[model][freeze_track_motif] = False
USING MODEL CONFIG: self._conf[model][use_motif_timestep] = True
USING MODEL CONFIG: self._conf[diffuser][T] = 50
USING MODEL CONFIG: self._conf[diffuser][b_0] = 0.01
USING MODEL CONFIG: self._conf[diffuser][b_T] = 0.07
USING MODEL CONFIG: self._conf[diffuser][schedule_type] = linear
USING MODEL CONFIG: self._conf[diffuser][so3_type] = igso3
USING MODEL CONFIG: self._conf[diffuser][crd_scale] = 0.25
USING MODEL CONFIG: self._conf[diffuser][so3_schedule_type] = linear
USING MODEL CONFIG: self._conf[diffuser][min_b] = 1.5
USING MODEL CONFIG: self._conf[diffuser][max_b] = 2.5
USING MODEL CONFIG: self._conf[diffuser][min_sigma] = 0.02
USING MODEL CONFIG: self._conf[diffuser][max_sigma] = 1.5
USING MODEL CONFIG: self._conf[preprocess][sidechain_input] = False
USING MODEL CONFIG: self._conf[preprocess][motif_sidechain_input] = True
USING MODEL CONFIG: self._conf[preprocess][d_t1d] = 22
USING MODEL CONFIG: self._conf[preprocess][d_t2d] = 44
USING MODEL CONFIG: self._conf[preprocess][prob_self_cond] = 0.5
USING MODEL CONFIG: self._conf[preprocess][str_self_cond] = True
USING MODEL CONFIG: self._conf[preprocess][predict_previous] = False
WARNING: You are changing diffuser.partial_T from the value this model was trained with. Are you sure you know what you are doing?
WARNING: You are changing diffuser.T from the value this model was trained with. Are you sure you know what you are doing?
[2026-07-13 03:44:05,399][rfdiffusion.inference.model_runners][INFO] - Loading checkpoint.
[2026-07-13 03:44:05,532][rfdiffusion.diffusion][INFO] - Calculating IGSO3.
Successful diffuser __init__
[2026-07-13 03:44:30,440][__main__][INFO] - Making design /wynton/home/rotation/geanhu/multi-state/data/diffusion-output/5KPE_higher-T/200_0
[2026-07-13 03:44:30,445][rfdiffusion.inference.model_runners][INFO] - Using contig: ['108-108']
With this beta schedule (linear schedule, beta_0 = 0.01, beta_T = 0.07), alpha_bar_T = 0.00027539944858290255
[2026-07-13 03:44:30,513][rfdiffusion.inference.model_runners][INFO] - Sequence init: ------------------------------------------------------------------------------------------------------------
/wynton/home/rotation/geanhu/.conda/envs/SE3nv/lib/python3.9/site-packages/dgl/backend/pytorch/tensor.py:352: UserWarning: TypedStorage is deprecated. It will be removed in the future and UntypedStorage will be the only storage class. This should only matter to you if you are using storages directly.  To access UntypedStorage directly, use tensor.untyped_storage() instead of tensor.storage()
  assert input.numel() == input.storage().size(), "Cannot convert view " \
[2026-07-13 03:44:32,877][__main__][INFO] - Finished design in 0.04 minutes
End: Mon Jul 13 03:44:33 PDT 2026
-----------
