Start: Wed Jul 15 17:41:47 PDT 2026
qb3-atgpu12.wynton.ucsf.edu
==============================================================
job_number:                 4198322
exec_file:                  job_scripts/4198322
submission_time:            Wed Jul 15 17:25:19 2026
owner:                      geanhu
uid:                        64854
group:                      wynton-rotation
gid:                        60001
sge_o_home:                 /wynton/home/rotation/geanhu
sge_o_log_name:             geanhu
sge_o_path:                 /wynton/home/rotation/geanhu/.conda/envs/analysis/bin:/wynton/home/cbi/shared/software/CBI/miniforge3-26.3.2-2/condabin:/wynton/home/cbi/shared/software/CBI/miniforge3-26.3.2-2/bin:/wynton/home/ferrin/goddard/localcolabfold/localcolabfold/colabfold-conda/bin:/wynton/home/rotation/geanhu/.local/bin:/wynton/home/rotation/geanhu/bin:/opt/sge/bin:/opt/sge/bin/lx-amd64:/usr/local/bin:/usr/bin:/usr/local/sbin:/usr/sbin:/wynton/home/kortemme/xingjiepan/Softwares/Rosetta/Rosetta/main/source/bin
sge_o_shell:                /bin/bash
sge_o_workdir:              /wynton/home/rotation/geanhu/multi-state/scripts
sge_o_host:                 dev2
account:                    sge
cwd:                        /wynton/home/rotation/geanhu/multi-state/scripts
merge:                      y
hard resource_list:         compute_cap=80,gpu_mem=40G,h_rt=1800,mem_free=32G,scratch=32G,hostname=!qb3-idgpu18
mail_list:                  geanhu@dev2.wynton.ucsf.edu
notify:                     FALSE
job_name:                   diffusion
stdout_path_list:           NONE:NONE:logs/rfdiffusion/$JOB_ID.log
jobshare:                   0
hard_queue_list:            gpu.q
shell_list:                 NONE:/bin/bash
env_list:                   TERM=NONE
script_file:                rfdiffusion.sh
parallel environment:  smp range: 1
project:                    wynton-rotation
job-array tasks:            1-10:1
binding:                    NONE
job_type:                   NONE
usage         1:            cpu=00:00:00, mem=0.00000 GB s, io=0.00000 GB, vmem=N/A, maxvmem=N/A
binding       1:            NONE
scheduling info:            (Collecting of scheduler job information is turned off)
------Start of script-------
#!/bin/bash
#$ -S /bin/bash
#$ -q gpu.q
#$ -pe smp 1
#$ -l compute_cap=80,gpu_mem=40G
#$ -cwd
#$ -N diffusion
#$ -o logs/rfdiffusion/$JOB_ID.log
#$ -j y
#$ -l h_rt=00:30:00
#$ -l mem_free=32G
#$ -l scratch=32G
#$ -l h=!qb3-idgpu18
#$ -t 1-10

# metadata
echo "Start: $(date)"
echo "$(hostname)"
[[ -n "$JOB_ID" ]] && qstat -j "$JOB_ID"
echo "------Start of script-------"
cat "$0"
echo ""
echo "-------End of script---------"

# setup env
module load CBI miniforge3
conda activate SE3nv

# # create array job settings
input_dir="$HOME/multi-state/data/string-sampling/end-states/"

if (( $SGE_TASK_ID <= 3 )); then
    pdb_list="${input_dir}/5kph-missing.txt"
    PDB_FILE=$(sed -n "${SGE_TASK_ID}p" "$pdb_list")

    # run
    python ~/software/RFdiffusion/scripts/run_inference.py \
        inference.num_designs=1 \
        diffuser.partial_T=1 \
        'contigmap.contigs=[72-72]' \
        "inference.input_pdb=$PDB_FILE" \
        "inference.output_prefix=$HOME/multi-state/data/diffusion-output/5KPE-5KPH/$(basename $PDB_FILE .pdb)"
elif (( $SGE_TASK_ID > 3 )); then
    pdb_list="${input_dir}/5kpe-missing.txt"
    PDB_FILE=$(sed -n "$((SGE_TASK_ID - 3))p" "$pdb_list")

    python ~/software/RFdiffusion/scripts/run_inference.py \
        inference.num_designs=1 \
        diffuser.partial_T=1 \
        'contigmap.contigs=[108-108]' \
        "inference.input_pdb=$PDB_FILE" \
        "inference.output_prefix=$HOME/multi-state/data/diffusion-output/5KPE-5KPH/$(basename $PDB_FILE .pdb)"
fi

#end
echo "End: $(date)"
echo "-----------"
-------End of script---------
/wynton/home/rotation/geanhu/software/RFdiffusion/rfdiffusion/util.py:253: UserWarning: Using torch.cross without specifying the dim arg is deprecated.
Please either pass the dim explicitly or simply use torch.linalg.cross.
The default value of dim will change to agree with that of linalg.cross in a future release. (Triggered internally at ../aten/src/ATen/native/Cross.cpp:62.)
  Z = torch.cross(Xn, Yn)
[2026-07-15 17:43:48,901][__main__][INFO] - Found GPU with device_name NVIDIA A40. Will run RFdiffusion on NVIDIA A40
Reading models from /wynton/home/rotation/geanhu/software/RFdiffusion/rfdiffusion/inference/../../models
[2026-07-15 17:43:48,904][rfdiffusion.inference.model_runners][INFO] - Reading checkpoint from /wynton/home/rotation/geanhu/software/RFdiffusion/rfdiffusion/inference/../../models/Base_ckpt.pt
This is inf_conf.ckpt_path
/wynton/home/rotation/geanhu/software/RFdiffusion/rfdiffusion/inference/../../models/Base_ckpt.pt
Assembling -model, -diffuser and -preprocess configs from checkpoint
USING MODEL CONFIG: self._conf[model][n_extra_block] = 4
USING MODEL CONFIG: self._conf[model][n_main_block] = 32
USING MODEL CONFIG: self._conf[model][n_ref_block] = 4
USING MODEL CONFIG: self._conf[model][d_msa] = 256
USING MODEL CONFIG: self._conf[model][d_msa_full] = 64
USING MODEL CONFIG: self._conf[model][d_pair] = 128
USING MODEL CONFIG: self._conf[model][d_templ] = 64
USING MODEL CONFIG: self._conf[model][n_head_msa] = 8
USING MODEL CONFIG: self._conf[model][n_head_pair] = 4
USING MODEL CONFIG: self._conf[model][n_head_templ] = 4
USING MODEL CONFIG: self._conf[model][d_hidden] = 32
USING MODEL CONFIG: self._conf[model][d_hidden_templ] = 32
USING MODEL CONFIG: self._conf[model][p_drop] = 0.15
USING MODEL CONFIG: self._conf[model][SE3_param_full] = {'num_layers': 1, 'num_channels': 32, 'num_degrees': 2, 'n_heads': 4, 'div': 4, 'l0_in_features': 8, 'l0_out_features': 8, 'l1_in_features': 3, 'l1_out_features': 2, 'num_edge_features': 32}
USING MODEL CONFIG: self._conf[model][SE3_param_topk] = {'num_layers': 1, 'num_channels': 32, 'num_degrees': 2, 'n_heads': 4, 'div': 4, 'l0_in_features': 64, 'l0_out_features': 64, 'l1_in_features': 3, 'l1_out_features': 2, 'num_edge_features': 64}
USING MODEL CONFIG: self._conf[model][freeze_track_motif] = False
USING MODEL CONFIG: self._conf[model][use_motif_timestep] = True
USING MODEL CONFIG: self._conf[diffuser][T] = 50
USING MODEL CONFIG: self._conf[diffuser][b_0] = 0.01
USING MODEL CONFIG: self._conf[diffuser][b_T] = 0.07
USING MODEL CONFIG: self._conf[diffuser][schedule_type] = linear
USING MODEL CONFIG: self._conf[diffuser][so3_type] = igso3
USING MODEL CONFIG: self._conf[diffuser][crd_scale] = 0.25
USING MODEL CONFIG: self._conf[diffuser][so3_schedule_type] = linear
USING MODEL CONFIG: self._conf[diffuser][min_b] = 1.5
USING MODEL CONFIG: self._conf[diffuser][max_b] = 2.5
USING MODEL CONFIG: self._conf[diffuser][min_sigma] = 0.02
USING MODEL CONFIG: self._conf[diffuser][max_sigma] = 1.5
USING MODEL CONFIG: self._conf[preprocess][sidechain_input] = False
USING MODEL CONFIG: self._conf[preprocess][motif_sidechain_input] = True
USING MODEL CONFIG: self._conf[preprocess][d_t1d] = 22
USING MODEL CONFIG: self._conf[preprocess][d_t2d] = 44
USING MODEL CONFIG: self._conf[preprocess][prob_self_cond] = 0.5
USING MODEL CONFIG: self._conf[preprocess][str_self_cond] = True
USING MODEL CONFIG: self._conf[preprocess][predict_previous] = False
WARNING: You are changing diffuser.partial_T from the value this model was trained with. Are you sure you know what you are doing?
[2026-07-15 17:43:58,830][rfdiffusion.inference.model_runners][INFO] - Loading checkpoint.
[2026-07-15 17:43:59,038][rfdiffusion.diffusion][INFO] - Using cached IGSO3.
Successful diffuser __init__
[2026-07-15 17:43:59,363][__main__][INFO] - Making design /wynton/home/rotation/geanhu/multi-state/data/diffusion-output/5KPE-5KPH/5KPH_2_6_3_0
[2026-07-15 17:43:59,371][rfdiffusion.inference.model_runners][INFO] - Using contig: ['72-72']
With this beta schedule (linear schedule, beta_0 = 0.04, beta_T = 0.28), alpha_bar_T = 0.00013696050154976547
[2026-07-15 17:43:59,585][rfdiffusion.inference.model_runners][INFO] - Sequence init: ------------------------------------------------------------------------
/wynton/home/rotation/geanhu/.conda/envs/SE3nv/lib/python3.9/site-packages/dgl/backend/pytorch/tensor.py:352: UserWarning: TypedStorage is deprecated. It will be removed in the future and UntypedStorage will be the only storage class. This should only matter to you if you are using storages directly.  To access UntypedStorage directly, use tensor.untyped_storage() instead of tensor.storage()
  assert input.numel() == input.storage().size(), "Cannot convert view " \
[2026-07-15 17:44:11,738][__main__][INFO] - Finished design in 0.21 minutes
End: Wed Jul 15 17:44:14 PDT 2026
-----------
Start: Wed Jul 15 17:44:47 PDT 2026
qb3-atgpu12.wynton.ucsf.edu
Start: Wed Jul 15 17:44:47 PDT 2026
qb3-atgpu12.wynton.ucsf.edu
==============================================================
job_number:                 4198322
exec_file:                  job_scripts/4198322
submission_time:            Wed Jul 15 17:25:19 2026
owner:                      geanhu
uid:                        64854
group:                      wynton-rotation
gid:                        60001
sge_o_home:                 /wynton/home/rotation/geanhu
sge_o_log_name:             geanhu
sge_o_path:                 /wynton/home/rotation/geanhu/.conda/envs/analysis/bin:/wynton/home/cbi/shared/software/CBI/miniforge3-26.3.2-2/condabin:/wynton/home/cbi/shared/software/CBI/miniforge3-26.3.2-2/bin:/wynton/home/ferrin/goddard/localcolabfold/localcolabfold/colabfold-conda/bin:/wynton/home/rotation/geanhu/.local/bin:/wynton/home/rotation/geanhu/bin:/opt/sge/bin:/opt/sge/bin/lx-amd64:/usr/local/bin:/usr/bin:/usr/local/sbin:/usr/sbin:/wynton/home/kortemme/xingjiepan/Softwares/Rosetta/Rosetta/main/source/bin
sge_o_shell:                /bin/bash
sge_o_workdir:              /wynton/home/rotation/geanhu/multi-state/scripts
sge_o_host:                 dev2
account:                    sge
cwd:                        /wynton/home/rotation/geanhu/multi-state/scripts
merge:                      y
hard resource_list:         compute_cap=80,gpu_mem=40G,h_rt=1800,hostname=!qb3-idgpu18,mem_free=32G,scratch=32G
mail_list:                  geanhu@dev2.wynton.ucsf.edu
notify:                     FALSE
job_name:                   diffusion
stdout_path_list:           NONE:NONE:logs/rfdiffusion/$JOB_ID.log
jobshare:                   0
hard_queue_list:            gpu.q
shell_list:                 NONE:/bin/bash
env_list:                   TERM=NONE
script_file:                rfdiffusion.sh
parallel environment:  smp range: 1
project:                    wynton-rotation
job-array tasks:            1-10:1
binding:                    NONE
job_type:                   NONE
usage         2:            cpu=00:00:00, mem=0.00000 GB s, io=0.00000 GB, vmem=N/A, maxvmem=N/A
usage         3:            cpu=00:00:00, mem=0.00000 GB s, io=0.00000 GB, vmem=N/A, maxvmem=N/A
usage         4:            cpu=00:00:00, mem=0.00000 GB s, io=0.00000 GB, vmem=N/A, maxvmem=N/A
binding       2:            NONE
binding       3:            NONE
binding       4:            NONE
scheduling info:            (Collecting of scheduler job information is turned off)
------Start of script-------
#!/bin/bash
#$ -S /bin/bash
#$ -q gpu.q
#$ -pe smp 1
#$ -l compute_cap=80,gpu_mem=40G
#$ -cwd
#$ -N diffusion
#$ -o logs/rfdiffusion/$JOB_ID.log
#$ -j y
#$ -l h_rt=00:30:00
#$ -l mem_free=32G
#$ -l scratch=32G
#$ -l h=!qb3-idgpu18
#$ -t 1-10

# metadata
echo "Start: $(date)"
echo "$(hostname)"
[[ -n "$JOB_ID" ]] && qstat -j "$JOB_ID"
echo "------Start of script-------"
cat "$0"
echo ""
echo "-------End of script---------"

# setup env
module load CBI miniforge3
conda activate SE3nv

# # create array job settings
input_dir="$HOME/multi-state/data/string-sampling/end-states/"

if (( $SGE_TASK_ID <= 3 )); then
    pdb_list="${input_dir}/5kph-missing.txt"
    PDB_FILE=$(sed -n "${SGE_TASK_ID}p" "$pdb_list")

    # run
    python ~/software/RFdiffusion/scripts/run_inference.py \
        inference.num_designs=1 \
        diffuser.partial_T=1 \
        'contigmap.contigs=[72-72]' \
        "inference.input_pdb=$PDB_FILE" \
        "inference.output_prefix=$HOME/multi-state/data/diffusion-output/5KPE-5KPH/$(basename $PDB_FILE .pdb)"
elif (( $SGE_TASK_ID > 3 )); then
    pdb_list="${input_dir}/5kpe-missing.txt"
    PDB_FILE=$(sed -n "$((SGE_TASK_ID - 3))p" "$pdb_list")

    python ~/software/RFdiffusion/scripts/run_inference.py \
        inference.num_designs=1 \
        diffuser.partial_T=1 \
        'contigmap.contigs=[108-108]' \
        "inference.input_pdb=$PDB_FILE" \
        "inference.output_prefix=$HOME/multi-state/data/diffusion-output/5KPE-5KPH/$(basename $PDB_FILE .pdb)"
fi

#end
echo "End: $(date)"
echo "-----------"Start: Wed Jul 15 17:44:47 PDT 2026
-------End of script---------
qb3-atgpu3.wynton.ucsf.edu
==============================================================
job_number:                 4198322
exec_file:                  job_scripts/4198322
submission_time:            Wed Jul 15 17:25:19 2026
owner:                      geanhu
uid:                        64854
group:                      wynton-rotation
gid:                        60001
sge_o_home:                 /wynton/home/rotation/geanhu
sge_o_log_name:             geanhu
sge_o_path:                 /wynton/home/rotation/geanhu/.conda/envs/analysis/bin:/wynton/home/cbi/shared/software/CBI/miniforge3-26.3.2-2/condabin:/wynton/home/cbi/shared/software/CBI/miniforge3-26.3.2-2/bin:/wynton/home/ferrin/goddard/localcolabfold/localcolabfold/colabfold-conda/bin:/wynton/home/rotation/geanhu/.local/bin:/wynton/home/rotation/geanhu/bin:/opt/sge/bin:/opt/sge/bin/lx-amd64:/usr/local/bin:/usr/bin:/usr/local/sbin:/usr/sbin:/wynton/home/kortemme/xingjiepan/Softwares/Rosetta/Rosetta/main/source/bin
sge_o_shell:                /bin/bash
sge_o_workdir:              /wynton/home/rotation/geanhu/multi-state/scripts
sge_o_host:                 dev2
account:                    sge
cwd:                        /wynton/home/rotation/geanhu/multi-state/scripts
merge:                      y
hard resource_list:         compute_cap=80,gpu_mem=40G,h_rt=1800,hostname=!qb3-idgpu18,mem_free=32G,scratch=32G
mail_list:                  geanhu@dev2.wynton.ucsf.edu
notify:                     FALSE
job_name:                   diffusion
stdout_path_list:           NONE:NONE:logs/rfdiffusion/$JOB_ID.log
jobshare:                   0
hard_queue_list:            gpu.q
shell_list:                 NONE:/bin/bash
env_list:                   TERM=NONE
script_file:                rfdiffusion.sh
parallel environment:  smp range: 1
project:                    wynton-rotation
job-array tasks:            1-10:1
binding:                    NONE
job_type:                   NONE
usage         2:            cpu=00:00:00, mem=0.00000 GB s, io=0.00000 GB, vmem=N/A, maxvmem=N/A
usage         3:            cpu=00:00:00, mem=0.00000 GB s, io=0.00000 GB, vmem=N/A, maxvmem=N/A
usage         4:            cpu=00:00:00, mem=0.00000 GB s, io=0.00000 GB, vmem=N/A, maxvmem=N/A
binding       2:            NONE
binding       3:            NONE
binding       4:            NONE
scheduling info:            (Collecting of scheduler job information is turned off)
------Start of script-------
#!/bin/bash
#$ -S /bin/bash
#$ -q gpu.q
#$ -pe smp 1
#$ -l compute_cap=80,gpu_mem=40G
#$ -cwd
#$ -N diffusion
#$ -o logs/rfdiffusion/$JOB_ID.log
#$ -j y
#$ -l h_rt=00:30:00
#$ -l mem_free=32G
#$ -l scratch=32G
#$ -l h=!qb3-idgpu18
#$ -t 1-10

# metadata
echo "Start: $(date)"
echo "$(hostname)"
[[ -n "$JOB_ID" ]] && qstat -j "$JOB_ID"
echo "------Start of script-------"
cat "$0"
echo ""
echo "-------End of script---------"

# setup env
module load CBI miniforge3
conda activate SE3nv

# # create array job settings
input_dir="$HOME/multi-state/data/string-sampling/end-states/"

if (( $SGE_TASK_ID <= 3 )); then
    pdb_list="${input_dir}/5kph-missing.txt"
    PDB_FILE=$(sed -n "${SGE_TASK_ID}p" "$pdb_list")

    # run
    python ~/software/RFdiffusion/scripts/run_inference.py \
        inference.num_designs=1 \
        diffuser.partial_T=1 \
        'contigmap.contigs=[72-72]' \
        "inference.input_pdb=$PDB_FILE" \
        "inference.output_prefix=$HOME/multi-state/data/diffusion-output/5KPE-5KPH/$(basename $PDB_FILE .pdb)"
elif (( $SGE_TASK_ID > 3 )); then
    pdb_list="${input_dir}/5kpe-missing.txt"
    PDB_FILE=$(sed -n "$((SGE_TASK_ID - 3))p" "$pdb_list")

    python ~/software/RFdiffusion/scripts/run_inference.py \
        inference.num_designs=1 \
        diffuser.partial_T=1 \
        'contigmap.contigs=[108-108]' \
        "inference.input_pdb=$PDB_FILE" \
        "inference.output_prefix=$HOME/multi-state/data/diffusion-output/5KPE-5KPH/$(basename $PDB_FILE .pdb)"
fi

#end
echo "End: $(date)"
echo "-----------"
-------End of script---------
==============================================================
job_number:                 4198322
exec_file:                  job_scripts/4198322
submission_time:            Wed Jul 15 17:25:19 2026
owner:                      geanhu
uid:                        64854
group:                      wynton-rotation
gid:                        60001
sge_o_home:                 /wynton/home/rotation/geanhu
sge_o_log_name:             geanhu
sge_o_path:                 /wynton/home/rotation/geanhu/.conda/envs/analysis/bin:/wynton/home/cbi/shared/software/CBI/miniforge3-26.3.2-2/condabin:/wynton/home/cbi/shared/software/CBI/miniforge3-26.3.2-2/bin:/wynton/home/ferrin/goddard/localcolabfold/localcolabfold/colabfold-conda/bin:/wynton/home/rotation/geanhu/.local/bin:/wynton/home/rotation/geanhu/bin:/opt/sge/bin:/opt/sge/bin/lx-amd64:/usr/local/bin:/usr/bin:/usr/local/sbin:/usr/sbin:/wynton/home/kortemme/xingjiepan/Softwares/Rosetta/Rosetta/main/source/bin
sge_o_shell:                /bin/bash
sge_o_workdir:              /wynton/home/rotation/geanhu/multi-state/scripts
sge_o_host:                 dev2
account:                    sge
cwd:                        /wynton/home/rotation/geanhu/multi-state/scripts
merge:                      y
hard resource_list:         compute_cap=80,gpu_mem=40G,h_rt=1800,hostname=!qb3-idgpu18,mem_free=32G,scratch=32G
mail_list:                  geanhu@dev2.wynton.ucsf.edu
notify:                     FALSE
job_name:                   diffusion
stdout_path_list:           NONE:NONE:logs/rfdiffusion/$JOB_ID.log
jobshare:                   0
hard_queue_list:            gpu.q
shell_list:                 NONE:/bin/bash
env_list:                   TERM=NONE
script_file:                rfdiffusion.sh
parallel environment:  smp range: 1
project:                    wynton-rotation
job-array tasks:            1-10:1
binding:                    NONE
job_type:                   NONE
usage         2:            cpu=00:00:00, mem=0.00000 GB s, io=0.00000 GB, vmem=N/A, maxvmem=N/A
usage         3:            cpu=00:00:00, mem=0.00000 GB s, io=0.00000 GB, vmem=N/A, maxvmem=N/A
usage         4:            cpu=00:00:00, mem=0.00000 GB s, io=0.00000 GB, vmem=N/A, maxvmem=N/A
binding       2:            NONE
binding       3:            NONE
binding       4:            NONE
scheduling info:            (Collecting of scheduler job information is turned off)
------Start of script-------
#!/bin/bash
#$ -S /bin/bash
#$ -q gpu.q
#$ -pe smp 1
#$ -l compute_cap=80,gpu_mem=40G
#$ -cwd
#$ -N diffusion
#$ -o logs/rfdiffusion/$JOB_ID.log
#$ -j y
#$ -l h_rt=00:30:00
#$ -l mem_free=32G
#$ -l scratch=32G
#$ -l h=!qb3-idgpu18
#$ -t 1-10

# metadata
echo "Start: $(date)"
echo "$(hostname)"
[[ -n "$JOB_ID" ]] && qstat -j "$JOB_ID"
echo "------Start of script-------"
cat "$0"
echo ""
echo "-------End of script---------"

# setup env
module load CBI miniforge3
conda activate SE3nv

# # create array job settings
input_dir="$HOME/multi-state/data/string-sampling/end-states/"

if (( $SGE_TASK_ID <= 3 )); then
    pdb_list="${input_dir}/5kph-missing.txt"
    PDB_FILE=$(sed -n "${SGE_TASK_ID}p" "$pdb_list")

    # run
    python ~/software/RFdiffusion/scripts/run_inference.py \
        inference.num_designs=1 \
        diffuser.partial_T=1 \
        'contigmap.contigs=[72-72]' \
        "inference.input_pdb=$PDB_FILE" \
        "inference.output_prefix=$HOME/multi-state/data/diffusion-output/5KPE-5KPH/$(basename $PDB_FILE .pdb)"
elif (( $SGE_TASK_ID > 3 )); then
    pdb_list="${input_dir}/5kpe-missing.txt"
    PDB_FILE=$(sed -n "$((SGE_TASK_ID - 3))p" "$pdb_list")

    python ~/software/RFdiffusion/scripts/run_inference.py \
        inference.num_designs=1 \
        diffuser.partial_T=1 \
        'contigmap.contigs=[108-108]' \
        "inference.input_pdb=$PDB_FILE" \
        "inference.output_prefix=$HOME/multi-state/data/diffusion-output/5KPE-5KPH/$(basename $PDB_FILE .pdb)"
fi

#end
echo "End: $(date)"
echo "-----------"
-------End of script---------
/wynton/home/rotation/geanhu/software/RFdiffusion/rfdiffusion/util.py:253: UserWarning: Using torch.cross without specifying the dim arg is deprecated.
Please either pass the dim explicitly or simply use torch.linalg.cross.
The default value of dim will change to agree with that of linalg.cross in a future release. (Triggered internally at ../aten/src/ATen/native/Cross.cpp:62.)
  Z = torch.cross(Xn, Yn)
/wynton/home/rotation/geanhu/software/RFdiffusion/rfdiffusion/util.py:253: UserWarning: Using torch.cross without specifying the dim arg is deprecated.
Please either pass the dim explicitly or simply use torch.linalg.cross.
The default value of dim will change to agree with that of linalg.cross in a future release. (Triggered internally at ../aten/src/ATen/native/Cross.cpp:62.)
  Z = torch.cross(Xn, Yn)
/wynton/home/rotation/geanhu/software/RFdiffusion/rfdiffusion/util.py:253: UserWarning: Using torch.cross without specifying the dim arg is deprecated.
Please either pass the dim explicitly or simply use torch.linalg.cross.
The default value of dim will change to agree with that of linalg.cross in a future release. (Triggered internally at ../aten/src/ATen/native/Cross.cpp:62.)
  Z = torch.cross(Xn, Yn)
[2026-07-15 17:45:18,726][__main__][INFO] - Found GPU with device_name NVIDIA A40. Will run RFdiffusion on NVIDIA A40
Reading models from /wynton/home/rotation/geanhu/software/RFdiffusion/rfdiffusion/inference/../../models
[2026-07-15 17:45:18,746][rfdiffusion.inference.model_runners][INFO] - Reading checkpoint from /wynton/home/rotation/geanhu/software/RFdiffusion/rfdiffusion/inference/../../models/Base_ckpt.pt
[2026-07-15 17:45:19,214][__main__][INFO] - Found GPU with device_name NVIDIA A40. Will run RFdiffusion on NVIDIA A40
[2026-07-15 17:45:19,215][__main__][INFO] - Found GPU with device_name NVIDIA A40. Will run RFdiffusion on NVIDIA A40
Reading models from /wynton/home/rotation/geanhu/software/RFdiffusion/rfdiffusion/inference/../../models
[2026-07-15 17:45:19,217][rfdiffusion.inference.model_runners][INFO] - Reading checkpoint from /wynton/home/rotation/geanhu/software/RFdiffusion/rfdiffusion/inference/../../models/Base_ckpt.pt
Reading models from /wynton/home/rotation/geanhu/software/RFdiffusion/rfdiffusion/inference/../../models
[2026-07-15 17:45:19,217][rfdiffusion.inference.model_runners][INFO] - Reading checkpoint from /wynton/home/rotation/geanhu/software/RFdiffusion/rfdiffusion/inference/../../models/Base_ckpt.pt
This is inf_conf.ckpt_path
/wynton/home/rotation/geanhu/software/RFdiffusion/rfdiffusion/inference/../../models/Base_ckpt.pt
Assembling -model, -diffuser and -preprocess configs from checkpoint
USING MODEL CONFIG: self._conf[model][n_extra_block] = 4
USING MODEL CONFIG: self._conf[model][n_main_block] = 32
USING MODEL CONFIG: self._conf[model][n_ref_block] = 4
USING MODEL CONFIG: self._conf[model][d_msa] = 256
USING MODEL CONFIG: self._conf[model][d_msa_full] = 64
USING MODEL CONFIG: self._conf[model][d_pair] = 128
USING MODEL CONFIG: self._conf[model][d_templ] = 64
USING MODEL CONFIG: self._conf[model][n_head_msa] = 8
USING MODEL CONFIG: self._conf[model][n_head_pair] = 4
USING MODEL CONFIG: self._conf[model][n_head_templ] = 4
USING MODEL CONFIG: self._conf[model][d_hidden] = 32
USING MODEL CONFIG: self._conf[model][d_hidden_templ] = 32
USING MODEL CONFIG: self._conf[model][p_drop] = 0.15
USING MODEL CONFIG: self._conf[model][SE3_param_full] = {'num_layers': 1, 'num_channels': 32, 'num_degrees': 2, 'n_heads': 4, 'div': 4, 'l0_in_features': 8, 'l0_out_features': 8, 'l1_in_features': 3, 'l1_out_features': 2, 'num_edge_features': 32}
USING MODEL CONFIG: self._conf[model][SE3_param_topk] = {'num_layers': 1, 'num_channels': 32, 'num_degrees': 2, 'n_heads': 4, 'div': 4, 'l0_in_features': 64, 'l0_out_features': 64, 'l1_in_features': 3, 'l1_out_features': 2, 'num_edge_features': 64}
USING MODEL CONFIG: self._conf[model][freeze_track_motif] = False
USING MODEL CONFIG: self._conf[model][use_motif_timestep] = True
USING MODEL CONFIG: self._conf[diffuser][T] = 50
USING MODEL CONFIG: self._conf[diffuser][b_0] = 0.01
USING MODEL CONFIG: self._conf[diffuser][b_T] = 0.07
USING MODEL CONFIG: self._conf[diffuser][schedule_type] = linear
USING MODEL CONFIG: self._conf[diffuser][so3_type] = igso3
USING MODEL CONFIG: self._conf[diffuser][crd_scale] = 0.25
USING MODEL CONFIG: self._conf[diffuser][so3_schedule_type] = linear
USING MODEL CONFIG: self._conf[diffuser][min_b] = 1.5
USING MODEL CONFIG: self._conf[diffuser][max_b] = 2.5
USING MODEL CONFIG: self._conf[diffuser][min_sigma] = 0.02
USING MODEL CONFIG: self._conf[diffuser][max_sigma] = 1.5
USING MODEL CONFIG: self._conf[preprocess][sidechain_input] = False
USING MODEL CONFIG: self._conf[preprocess][motif_sidechain_input] = True
USING MODEL CONFIG: self._conf[preprocess][d_t1d] = 22
USING MODEL CONFIG: self._conf[preprocess][d_t2d] = 44
USING MODEL CONFIG: self._conf[preprocess][prob_self_cond] = 0.5
USING MODEL CONFIG: self._conf[preprocess][str_self_cond] = True
USING MODEL CONFIG: self._conf[preprocess][predict_previous] = False
WARNING: You are changing diffuser.partial_T from the value this model was trained with. Are you sure you know what you are doing?
[2026-07-15 17:45:27,639][rfdiffusion.inference.model_runners][INFO] - Loading checkpoint.
[2026-07-15 17:45:27,771][rfdiffusion.diffusion][INFO] - Using cached IGSO3.
Successful diffuser __init__
[2026-07-15 17:45:27,796][__main__][INFO] - Making design /wynton/home/rotation/geanhu/multi-state/data/diffusion-output/5KPE-5KPH/5KPE_6_6_6_0
[2026-07-15 17:45:27,802][rfdiffusion.inference.model_runners][INFO] - Using contig: ['108-108']
With this beta schedule (linear schedule, beta_0 = 0.04, beta_T = 0.28), alpha_bar_T = 0.00013696050154976547
[2026-07-15 17:45:27,863][rfdiffusion.inference.model_runners][INFO] - Sequence init: ------------------------------------------------------------------------------------------------------------
This is inf_conf.ckpt_path
/wynton/home/rotation/geanhu/software/RFdiffusion/rfdiffusion/inference/../../models/Base_ckpt.pt
Assembling -model, -diffuser and -preprocess configs from checkpoint
USING MODEL CONFIG: self._conf[model][n_extra_block] = 4
USING MODEL CONFIG: self._conf[model][n_main_block] = 32
USING MODEL CONFIG: self._conf[model][n_ref_block] = 4
USING MODEL CONFIG: self._conf[model][d_msa] = 256
USING MODEL CONFIG: self._conf[model][d_msa_full] = 64
USING MODEL CONFIG: self._conf[model][d_pair] = 128
USING MODEL CONFIG: self._conf[model][d_templ] = 64
USING MODEL CONFIG: self._conf[model][n_head_msa] = 8
USING MODEL CONFIG: self._conf[model][n_head_pair] = 4
USING MODEL CONFIG: self._conf[model][n_head_templ] = 4
USING MODEL CONFIG: self._conf[model][d_hidden] = 32
USING MODEL CONFIG: self._conf[model][d_hidden_templ] = 32
USING MODEL CONFIG: self._conf[model][p_drop] = 0.15
USING MODEL CONFIG: self._conf[model][SE3_param_full] = {'num_layers': 1, 'num_channels': 32, 'num_degrees': 2, 'n_heads': 4, 'div': 4, 'l0_in_features': 8, 'l0_out_features': 8, 'l1_in_features': 3, 'l1_out_features': 2, 'num_edge_features': 32}
USING MODEL CONFIG: self._conf[model][SE3_param_topk] = {'num_layers': 1, 'num_channels': 32, 'num_degrees': 2, 'n_heads': 4, 'div': 4, 'l0_in_features': 64, 'l0_out_features': 64, 'l1_in_features': 3, 'l1_out_features': 2, 'num_edge_features': 64}
USING MODEL CONFIG: self._conf[model][freeze_track_motif] = False
USING MODEL CONFIG: self._conf[model][use_motif_timestep] = True
USING MODEL CONFIG: self._conf[diffuser][T] = 50
USING MODEL CONFIG: self._conf[diffuser][b_0] = 0.01
USING MODEL CONFIG: self._conf[diffuser][b_T] = 0.07
USING MODEL CONFIG: self._conf[diffuser][schedule_type] = linear
USING MODEL CONFIG: self._conf[diffuser][so3_type] = igso3
USING MODEL CONFIG: self._conf[diffuser][crd_scale] = 0.25
USING MODEL CONFIG: self._conf[diffuser][so3_schedule_type] = linear
USING MODEL CONFIG: self._conf[diffuser][min_b] = 1.5
USING MODEL CONFIG: self._conf[diffuser][max_b] = 2.5
USING MODEL CONFIG: self._conf[diffuser][min_sigma] = 0.02
USING MODEL CONFIG: self._conf[diffuser][max_sigma] = 1.5
USING MODEL CONFIG: self._conf[preprocess][sidechain_input] = False
USING MODEL CONFIG: self._conf[preprocess][motif_sidechain_input] = True
USING MODEL CONFIG: self._conf[preprocess][d_t1d] = 22
USING MODEL CONFIG: self._conf[preprocess][d_t2d] = 44
USING MODEL CONFIG: self._conf[preprocess][prob_self_cond] = 0.5
USING MODEL CONFIG: self._conf[preprocess][str_self_cond] = True
USING MODEL CONFIG: self._conf[preprocess][predict_previous] = False
WARNING: You are changing diffuser.partial_T from the value this model was trained with. Are you sure you know what you are doing?
[2026-07-15 17:45:28,324][rfdiffusion.inference.model_runners][INFO] - Loading checkpoint.
[2026-07-15 17:45:28,456][rfdiffusion.diffusion][INFO] - Using cached IGSO3.
This is inf_conf.ckpt_path
/wynton/home/rotation/geanhu/software/RFdiffusion/rfdiffusion/inference/../../models/Base_ckpt.pt
Assembling -model, -diffuser and -preprocess configs from checkpoint
USING MODEL CONFIG: self._conf[model][n_extra_block] = 4
USING MODEL CONFIG: self._conf[model][n_main_block] = 32
USING MODEL CONFIG: self._conf[model][n_ref_block] = 4
USING MODEL CONFIG: self._conf[model][d_msa] = 256
USING MODEL CONFIG: self._conf[model][d_msa_full] = 64
USING MODEL CONFIG: self._conf[model][d_pair] = 128
USING MODEL CONFIG: self._conf[model][d_templ] = 64
USING MODEL CONFIG: self._conf[model][n_head_msa] = 8
USING MODEL CONFIG: self._conf[model][n_head_pair] = 4
USING MODEL CONFIG: self._conf[model][n_head_templ] = 4
USING MODEL CONFIG: self._conf[model][d_hidden] = 32
USING MODEL CONFIG: self._conf[model][d_hidden_templ] = 32
USING MODEL CONFIG: self._conf[model][p_drop] = 0.15
USING MODEL CONFIG: self._conf[model][SE3_param_full] = {'num_layers': 1, 'num_channels': 32, 'num_degrees': 2, 'n_heads': 4, 'div': 4, 'l0_in_features': 8, 'l0_out_features': 8, 'l1_in_features': 3, 'l1_out_features': 2, 'num_edge_features': 32}
USING MODEL CONFIG: self._conf[model][SE3_param_topk] = {'num_layers': 1, 'num_channels': 32, 'num_degrees': 2, 'n_heads': 4, 'div': 4, 'l0_in_features': 64, 'l0_out_features': 64, 'l1_in_features': 3, 'l1_out_features': 2, 'num_edge_features': 64}
USING MODEL CONFIG: self._conf[model][freeze_track_motif] = False
USING MODEL CONFIG: self._conf[model][use_motif_timestep] = True
USING MODEL CONFIG: self._conf[diffuser][T] = 50
USING MODEL CONFIG: self._conf[diffuser][b_0] = 0.01
USING MODEL CONFIG: self._conf[diffuser][b_T] = 0.07
USING MODEL CONFIG: self._conf[diffuser][schedule_type] = linear
USING MODEL CONFIG: self._conf[diffuser][so3_type] = igso3
USING MODEL CONFIG: self._conf[diffuser][crd_scale] = 0.25
USING MODEL CONFIG: self._conf[diffuser][so3_schedule_type] = linear
USING MODEL CONFIG: self._conf[diffuser][min_b] = 1.5
USING MODEL CONFIG: self._conf[diffuser][max_b] = 2.5
USING MODEL CONFIG: self._conf[diffuser][min_sigma] = 0.02
USING MODEL CONFIG: self._conf[diffuser][max_sigma] = 1.5
USING MODEL CONFIG: self._conf[preprocess][sidechain_input] = False
USING MODEL CONFIG: self._conf[preprocess][motif_sidechain_input] = True
USING MODEL CONFIG: self._conf[preprocess][d_t1d] = 22
USING MODEL CONFIG: self._conf[preprocess][d_t2d] = 44
USING MODEL CONFIG: self._conf[preprocess][prob_self_cond] = 0.5
USING MODEL CONFIG: self._conf[preprocess][str_self_cond] = True
USING MODEL CONFIG: self._conf[preprocess][predict_previous] = False
WARNING: You are changing diffuser.partial_T from the value this model was trained with. Are you sure you know what you are doing?
[2026-07-15 17:45:28,470][rfdiffusion.inference.model_runners][INFO] - Loading checkpoint.
Successful diffuser __init__
[2026-07-15 17:45:28,482][__main__][INFO] - Making design /wynton/home/rotation/geanhu/multi-state/data/diffusion-output/5KPE-5KPH/5KPH_2_4_6_0
[2026-07-15 17:45:28,487][rfdiffusion.inference.model_runners][INFO] - Using contig: ['72-72']
With this beta schedule (linear schedule, beta_0 = 0.04, beta_T = 0.28), alpha_bar_T = 0.00013696050154976547
[2026-07-15 17:45:28,528][rfdiffusion.inference.model_runners][INFO] - Sequence init: ------------------------------------------------------------------------
[2026-07-15 17:45:28,668][rfdiffusion.diffusion][INFO] - Using cached IGSO3.
Successful diffuser __init__
[2026-07-15 17:45:28,710][__main__][INFO] - Making design /wynton/home/rotation/geanhu/multi-state/data/diffusion-output/5KPE-5KPH/5KPH_2_6_7_0
[2026-07-15 17:45:28,714][rfdiffusion.inference.model_runners][INFO] - Using contig: ['72-72']
With this beta schedule (linear schedule, beta_0 = 0.04, beta_T = 0.28), alpha_bar_T = 0.00013696050154976547
[2026-07-15 17:45:28,745][rfdiffusion.inference.model_runners][INFO] - Sequence init: ------------------------------------------------------------------------
/wynton/home/rotation/geanhu/.conda/envs/SE3nv/lib/python3.9/site-packages/dgl/backend/pytorch/tensor.py:352: UserWarning: TypedStorage is deprecated. It will be removed in the future and UntypedStorage will be the only storage class. This should only matter to you if you are using storages directly.  To access UntypedStorage directly, use tensor.untyped_storage() instead of tensor.storage()
  assert input.numel() == input.storage().size(), "Cannot convert view " \
/wynton/home/rotation/geanhu/.conda/envs/SE3nv/lib/python3.9/site-packages/dgl/backend/pytorch/tensor.py:352: UserWarning: TypedStorage is deprecated. It will be removed in the future and UntypedStorage will be the only storage class. This should only matter to you if you are using storages directly.  To access UntypedStorage directly, use tensor.untyped_storage() instead of tensor.storage()
  assert input.numel() == input.storage().size(), "Cannot convert view " \
/wynton/home/rotation/geanhu/.conda/envs/SE3nv/lib/python3.9/site-packages/dgl/backend/pytorch/tensor.py:352: UserWarning: TypedStorage is deprecated. It will be removed in the future and UntypedStorage will be the only storage class. This should only matter to you if you are using storages directly.  To access UntypedStorage directly, use tensor.untyped_storage() instead of tensor.storage()
  assert input.numel() == input.storage().size(), "Cannot convert view " \
[2026-07-15 17:45:31,328][__main__][INFO] - Finished design in 0.06 minutes
[2026-07-15 17:45:31,361][__main__][INFO] - Finished design in 0.05 minutes
[2026-07-15 17:45:31,498][__main__][INFO] - Finished design in 0.05 minutes
End: Wed Jul 15 17:45:32 PDT 2026
-----------
End: Wed Jul 15 17:45:32 PDT 2026
-----------
End: Wed Jul 15 17:45:32 PDT 2026
-----------
Start: Wed Jul 15 17:45:47 PDT 2026
qb3-atgpu3.wynton.ucsf.edu
==============================================================
job_number:                 4198322
exec_file:                  job_scripts/4198322
submission_time:            Wed Jul 15 17:25:19 2026
owner:                      geanhu
uid:                        64854
group:                      wynton-rotation
gid:                        60001
sge_o_home:                 /wynton/home/rotation/geanhu
sge_o_log_name:             geanhu
sge_o_path:                 /wynton/home/rotation/geanhu/.conda/envs/analysis/bin:/wynton/home/cbi/shared/software/CBI/miniforge3-26.3.2-2/condabin:/wynton/home/cbi/shared/software/CBI/miniforge3-26.3.2-2/bin:/wynton/home/ferrin/goddard/localcolabfold/localcolabfold/colabfold-conda/bin:/wynton/home/rotation/geanhu/.local/bin:/wynton/home/rotation/geanhu/bin:/opt/sge/bin:/opt/sge/bin/lx-amd64:/usr/local/bin:/usr/bin:/usr/local/sbin:/usr/sbin:/wynton/home/kortemme/xingjiepan/Softwares/Rosetta/Rosetta/main/source/bin
sge_o_shell:                /bin/bash
sge_o_workdir:              /wynton/home/rotation/geanhu/multi-state/scripts
sge_o_host:                 dev2
account:                    sge
cwd:                        /wynton/home/rotation/geanhu/multi-state/scripts
merge:                      y
hard resource_list:         compute_cap=80,gpu_mem=40G,h_rt=1800,hostname=!qb3-idgpu18,mem_free=32G,scratch=32G
mail_list:                  geanhu@dev2.wynton.ucsf.edu
notify:                     FALSE
job_name:                   diffusion
stdout_path_list:           NONE:NONE:logs/rfdiffusion/$JOB_ID.log
jobshare:                   0
hard_queue_list:            gpu.q
shell_list:                 NONE:/bin/bash
env_list:                   TERM=NONE
script_file:                rfdiffusion.sh
parallel environment:  smp range: 1
project:                    wynton-rotation
job-array tasks:            1-10:1
binding:                    NONE
job_type:                   NONE
usage         5:            cpu=00:00:00, mem=0.00000 GB s, io=0.00000 GB, vmem=N/A, maxvmem=N/A
usage         6:            cpu=00:00:00, mem=0.00000 GB s, io=0.00000 GB, vmem=N/A, maxvmem=N/A
usage         7:            cpu=00:00:00, mem=0.00000 GB s, io=0.00000 GB, vmem=N/A, maxvmem=N/A
binding       5:            NONE
binding       6:            NONE
binding       7:            NONE
scheduling info:            (Collecting of scheduler job information is turned off)
Start: Wed Jul 15 17:45:47 PDT 2026
Start: Wed Jul 15 17:45:47 PDT 2026
#!/bin/bash
#$ -S /bin/bash
#$ -q gpu.q
#$ -pe smp 1
#$ -l compute_cap=80,gpu_mem=40G
#$ -cwd
#$ -N diffusion
#$ -o logs/rfdiffusion/$JOB_ID.log
#$ -j y
#$ -l h_rt=00:30:00
#$ -l mem_free=32G
#$ -l scratch=32G
#$ -l h=!qb3-idgpu18
#$ -t 1-10

# metadata
echo "Start: $(date)"
echo "$(hostname)"
[[ -n "$JOB_ID" ]] && qstat -j "$JOB_ID"
echo "------Start of script-------"
cat "$0"
echo ""
echo "-------End of script---------"

# setup env
module load CBI miniforge3
conda activate SE3nv

# # create array job settings
input_dir="$HOME/multi-state/data/string-sampling/end-states/"

if (( $SGE_TASK_ID <= 3 )); then
    pdb_list="${input_dir}/5kph-missing.txt"
    PDB_FILE=$(sed -n "${SGE_TASK_ID}p" "$pdb_list")

    # run
    python ~/software/RFdiffusion/scripts/run_inference.py \
        inference.num_designs=1 \
        diffuser.partial_T=1 \
        'contigmap.contigs=[72-72]' \
        "inference.input_pdb=$PDB_FILE" \
        "inference.output_prefix=$HOME/multi-state/data/diffusion-output/5KPE-5KPH/$(basename $PDB_FILE .pdb)"
elif (( $SGE_TASK_ID > 3 )); then
    pdb_list="${input_dir}/5kpe-missing.txt"
    PDB_FILE=$(sed -n "$((SGE_TASK_ID - 3))p" "$pdb_list")

    python ~/software/RFdiffusion/scripts/run_inference.py \
        inference.num_designs=1 \
        diffuser.partial_T=1 \
        'contigmap.contigs=[108-108]' \
        "inference.input_pdb=$PDB_FILE" \
        "inference.output_prefix=$HOME/multi-state/data/diffusion-output/5KPE-5KPH/$(basename $PDB_FILE .pdb)"
fi

#end
echo "End: $(date)"
echo "-----------"qb3-atgpu12.wynton.ucsf.edu

b3-atgpu12.wynton.ucsf.edu
-------End of script---------
==============================================================
job_number:                 4198322
exec_file:                  job_scripts/4198322
submission_time:            Wed Jul 15 17:25:19 2026
owner:                      geanhu
uid:                        64854
group:                      wynton-rotation
gid:                        60001
sge_o_home:                 /wynton/home/rotation/geanhu
sge_o_log_name:             geanhu
sge_o_path:                 /wynton/home/rotation/geanhu/.conda/envs/analysis/bin:/wynton/home/cbi/shared/software/CBI/miniforge3-26.3.2-2/condabin:/wynton/home/cbi/shared/software/CBI/miniforge3-26.3.2-2/bin:/wynton/home/ferrin/goddard/localcolabfold/localcolabfold/colabfold-conda/bin:/wynton/home/rotation/geanhu/.local/bin:/wynton/home/rotation/geanhu/bin:/opt/sge/bin:/opt/sge/bin/lx-amd64:/usr/local/bin:/usr/bin:/usr/local/sbin:/usr/sbin:/wynton/home/kortemme/xingjiepan/Softwares/Rosetta/Rosetta/main/source/bin
sge_o_shell:                /bin/bash
sge_o_workdir:              /wynton/home/rotation/geanhu/multi-state/scripts
sge_o_host:                 dev2
account:                    sge
cwd:                        /wynton/home/rotation/geanhu/multi-state/scripts
merge:                      y
hard resource_list:         compute_cap=80,gpu_mem=40G,h_rt=1800,hostname=!qb3-idgpu18,mem_free=32G,scratch=32G
mail_list:                  geanhu@dev2.wynton.ucsf.edu
notify:                     FALSE
job_name:                   diffusion
stdout_path_list:           NONE:NONE:logs/rfdiffusion/$JOB_ID.log
jobshare:                   0
hard_queue_list:            gpu.q
shell_list:                 NONE:/bin/bash
env_list:                   TERM=NONE
script_file:                rfdiffusion.sh
parallel environment:  smp range: 1
project:                    wynton-rotation
job-array tasks:            1-10:1
binding:                    NONE
job_type:                   NONE
usage         5:            cpu=00:00:00, mem=0.00000 GB s, io=0.00000 GB, vmem=N/A, maxvmem=N/A
usage         6:            cpu=00:00:00, mem=0.00000 GB s, io=0.00000 GB, vmem=N/A, maxvmem=N/A
usage         7:            cpu=00:00:00, mem=0.00000 GB s, io=0.00000 GB, vmem=N/A, maxvmem=N/A
binding       5:            NONE
binding       6:            NONE
binding       7:            NONE
scheduling info:            (Collecting of scheduler job information is turned off)
==============================================================
job_number:                 4198322
exec_file:                  job_scripts/4198322
submission_time:            Wed Jul 15 17:25:19 2026
owner:                      geanhu
uid:                        64854
group:                      wynton-rotation
gid:                        60001
sge_o_home:                 /wynton/home/rotation/geanhu
sge_o_log_name:             geanhu
sge_o_path:                 /wynton/home/rotation/geanhu/.conda/envs/analysis/bin:/wynton/home/cbi/shared/software/CBI/miniforge3-26.3.2-2/condabin:/wynton/home/cbi/shared/software/CBI/miniforge3-26.3.2-2/bin:/wynton/home/ferrin/goddard/localcolabfold/localcolabfold/colabfold-conda/bin:/wynton/home/rotation/geanhu/.local/bin:/wynton/home/rotation/geanhu/bin:/opt/sge/bin:/opt/sge/bin/lx-amd64:/usr/local/bin:/usr/bin:/usr/local/sbin:/usr/sbin:/wynton/home/kortemme/xingjiepan/Softwares/Rosetta/Rosetta/main/source/bin
sge_o_shell:                /bin/bash
sge_o_workdir:              /wynton/home/rotation/geanhu/multi-state/scripts
sge_o_host:                 dev2
account:                    sge
cwd:                        /wynton/home/rotation/geanhu/multi-state/scripts
merge:                      y
hard resource_list:         compute_cap=80,gpu_mem=40G,h_rt=1800,hostname=!qb3-idgpu18,mem_free=32G,scratch=32G
mail_list:                  geanhu@dev2.wynton.ucsf.edu
notify:                     FALSE
job_name:                   diffusion
stdout_path_list:           NONE:NONE:logs/rfdiffusion/$JOB_ID.log
jobshare:                   0
hard_queue_list:            gpu.q
shell_list:                 NONE:/bin/bash
env_list:                   TERM=NONE
script_file:                rfdiffusion.sh
parallel environment:  smp range: 1
project:                    wynton-rotation
job-array tasks:            1-10:1
binding:                    NONE
job_type:                   NONE
usage         5:            cpu=00:00:00, mem=0.00000 GB s, io=0.00000 GB, vmem=N/A, maxvmem=N/A
usage         6:            cpu=00:00:00, mem=0.00000 GB s, io=0.00000 GB, vmem=N/A, maxvmem=N/A
usage         7:            cpu=00:00:00, mem=0.00000 GB s, io=0.00000 GB, vmem=N/A, maxvmem=N/A
binding       5:            NONE
binding       6:            NONE
binding       7:            NONE
scheduling info:            (Collecting of scheduler job information is turned off)
------Start of script-------
------Start of script-------
#!/bin/bash
#$ -S /bin/bash
#$ -q gpu.q
#$ -pe smp 1
#$ -l compute_cap=80,gpu_mem=40G
#$ -cwd
#$ -N diffusion
#$ -o logs/rfdiffusion/$JOB_ID.log
#$ -j y
#$ -l h_rt=00:30:00
#$ -l mem_free=32G
#$ -l scratch=32G
#$ -l h=!qb3-idgpu18
#$ -t 1-10

# metadata
echo "Start: $(date)"
echo "$(hostname)"
[[ -n "$JOB_ID" ]] && qstat -j "$JOB_ID"
echo "------Start of script-------"
cat "$0"
echo ""
echo "-------End of script---------"

# setup env
module load CBI miniforge3
conda activate SE3nv

# # create array job settings
input_dir="$HOME/multi-state/data/string-sampling/end-states/"

if (( $SGE_TASK_ID <= 3 )); then
    pdb_list="${input_dir}/5kph-missing.txt"
    PDB_FILE=$(sed -n "${SGE_TASK_ID}p" "$pdb_list")

    # run
    python ~/software/RFdiffusion/scripts/run_inference.py \
        inference.num_designs=1 \
        diffuser.partial_T=1 \
        'contigmap.contigs=[72-72]' \
        "inference.input_pdb=$PDB_FILE" \
        "inference.output_prefix=$HOME/multi-state/data/diffusion-output/5KPE-5KPH/$(basename $PDB_FILE .pdb)"
elif (( $SGE_TASK_ID > 3 )); then
    pdb_list="${input_dir}/5kpe-missing.txt"
    PDB_FILE=$(sed -n "$((SGE_TASK_ID - 3))p" "$pdb_list")

    python ~/software/RFdiffusion/scripts/run_inference.py \
        inference.num_designs=1 \
        diffuser.partial_T=1 \
        'contigmap.contigs=[108-108]' \
        "inference.input_pdb=$PDB_FILE" \
        "inference.output_prefix=$HOME/multi-state/data/diffusion-output/5KPE-5KPH/$(basename $PDB_FILE .pdb)"
fi

#end
echo "End: $(date)"
echo "-----------"#!/bin/bash
#$ -S /bin/bash
#$ -q gpu.q
#$ -pe smp 1
#$ -l compute_cap=80,gpu_mem=40G
#$ -cwd
#$ -N diffusion
#$ -o logs/rfdiffusion/$JOB_ID.log
#$ -j y
#$ -l h_rt=00:30:00
#$ -l mem_free=32G
#$ -l scratch=32G
#$ -l h=!qb3-idgpu18
#$ -t 1-10

# metadata
echo "Start: $(date)"
echo "$(hostname)"
[[ -n "$JOB_ID" ]] && qstat -j "$JOB_ID"
echo "------Start of script-------"
cat "$0"
echo ""
echo "-------End of script---------"

# setup env
module load CBI miniforge3
conda activate SE3nv

# # create array job settings
input_dir="$HOME/multi-state/data/string-sampling/end-states/"

if (( $SGE_TASK_ID <= 3 )); then
    pdb_list="${input_dir}/5kph-missing.txt"
    PDB_FILE=$(sed -n "${SGE_TASK_ID}p" "$pdb_list")

    # run
    python ~/software/RFdiffusion/scripts/run_inference.py \
        inference.num_designs=1 \
        diffuser.partial_T=1 \
        'contigmap.contigs=[72-72]' \
        "inference.input_pdb=$PDB_FILE" \
        "inference.output_prefix=$HOME/multi-state/data/diffusion-output/5KPE-5KPH/$(basename $PDB_FILE .pdb)"
elif (( $SGE_TASK_ID > 3 )); then
    pdb_list="${input_dir}/5kpe-missing.txt"
    PDB_FILE=$(sed -n "$((SGE_TASK_ID - 3))p" "$pdb_list")

    python ~/software/RFdiffusion/scripts/run_inference.py \
        inference.num_designs=1 \
        diffuser.partial_T=1 \
        'contigmap.contigs=[108-108]' \
        "inference.input_pdb=$PDB_FILE" \
        "inference.output_prefix=$HOME/multi-state/data/diffusion-output/5KPE-5KPH/$(basename $PDB_FILE .pdb)"
fi

#end
echo "End: $(date)"
echo "-----------"
-------End of script---------

-------End of script---------
/wynton/home/rotation/geanhu/software/RFdiffusion/rfdiffusion/util.py:253: UserWarning: Using torch.cross without specifying the dim arg is deprecated.
Please either pass the dim explicitly or simply use torch.linalg.cross.
The default value of dim will change to agree with that of linalg.cross in a future release. (Triggered internally at ../aten/src/ATen/native/Cross.cpp:62.)
  Z = torch.cross(Xn, Yn)
/wynton/home/rotation/geanhu/software/RFdiffusion/rfdiffusion/util.py:253: UserWarning: Using torch.cross without specifying the dim arg is deprecated.
Please either pass the dim explicitly or simply use torch.linalg.cross.
The default value of dim will change to agree with that of linalg.cross in a future release. (Triggered internally at ../aten/src/ATen/native/Cross.cpp:62.)
  Z = torch.cross(Xn, Yn)
/wynton/home/rotation/geanhu/software/RFdiffusion/rfdiffusion/util.py:253: UserWarning: Using torch.cross without specifying the dim arg is deprecated.
Please either pass the dim explicitly or simply use torch.linalg.cross.
The default value of dim will change to agree with that of linalg.cross in a future release. (Triggered internally at ../aten/src/ATen/native/Cross.cpp:62.)
  Z = torch.cross(Xn, Yn)
[2026-07-15 17:45:58,032][__main__][INFO] - Found GPU with device_name NVIDIA A40. Will run RFdiffusion on NVIDIA A40
Reading models from /wynton/home/rotation/geanhu/software/RFdiffusion/rfdiffusion/inference/../../models
[2026-07-15 17:45:58,035][rfdiffusion.inference.model_runners][INFO] - Reading checkpoint from /wynton/home/rotation/geanhu/software/RFdiffusion/rfdiffusion/inference/../../models/Base_ckpt.pt
[2026-07-15 17:45:58,918][__main__][INFO] - Found GPU with device_name NVIDIA A40. Will run RFdiffusion on NVIDIA A40
Reading models from /wynton/home/rotation/geanhu/software/RFdiffusion/rfdiffusion/inference/../../models
[2026-07-15 17:45:58,921][rfdiffusion.inference.model_runners][INFO] - Reading checkpoint from /wynton/home/rotation/geanhu/software/RFdiffusion/rfdiffusion/inference/../../models/Base_ckpt.pt
[2026-07-15 17:45:58,933][__main__][INFO] - Found GPU with device_name NVIDIA A40. Will run RFdiffusion on NVIDIA A40
Reading models from /wynton/home/rotation/geanhu/software/RFdiffusion/rfdiffusion/inference/../../models
[2026-07-15 17:45:58,935][rfdiffusion.inference.model_runners][INFO] - Reading checkpoint from /wynton/home/rotation/geanhu/software/RFdiffusion/rfdiffusion/inference/../../models/Base_ckpt.pt
This is inf_conf.ckpt_path
/wynton/home/rotation/geanhu/software/RFdiffusion/rfdiffusion/inference/../../models/Base_ckpt.pt
Assembling -model, -diffuser and -preprocess configs from checkpoint
USING MODEL CONFIG: self._conf[model][n_extra_block] = 4
USING MODEL CONFIG: self._conf[model][n_main_block] = 32
USING MODEL CONFIG: self._conf[model][n_ref_block] = 4
USING MODEL CONFIG: self._conf[model][d_msa] = 256
USING MODEL CONFIG: self._conf[model][d_msa_full] = 64
USING MODEL CONFIG: self._conf[model][d_pair] = 128
USING MODEL CONFIG: self._conf[model][d_templ] = 64
USING MODEL CONFIG: self._conf[model][n_head_msa] = 8
USING MODEL CONFIG: self._conf[model][n_head_pair] = 4
USING MODEL CONFIG: self._conf[model][n_head_templ] = 4
USING MODEL CONFIG: self._conf[model][d_hidden] = 32
USING MODEL CONFIG: self._conf[model][d_hidden_templ] = 32
USING MODEL CONFIG: self._conf[model][p_drop] = 0.15
USING MODEL CONFIG: self._conf[model][SE3_param_full] = {'num_layers': 1, 'num_channels': 32, 'num_degrees': 2, 'n_heads': 4, 'div': 4, 'l0_in_features': 8, 'l0_out_features': 8, 'l1_in_features': 3, 'l1_out_features': 2, 'num_edge_features': 32}
USING MODEL CONFIG: self._conf[model][SE3_param_topk] = {'num_layers': 1, 'num_channels': 32, 'num_degrees': 2, 'n_heads': 4, 'div': 4, 'l0_in_features': 64, 'l0_out_features': 64, 'l1_in_features': 3, 'l1_out_features': 2, 'num_edge_features': 64}
USING MODEL CONFIG: self._conf[model][freeze_track_motif] = False
USING MODEL CONFIG: self._conf[model][use_motif_timestep] = True
USING MODEL CONFIG: self._conf[diffuser][T] = 50
USING MODEL CONFIG: self._conf[diffuser][b_0] = 0.01
USING MODEL CONFIG: self._conf[diffuser][b_T] = 0.07
USING MODEL CONFIG: self._conf[diffuser][schedule_type] = linear
USING MODEL CONFIG: self._conf[diffuser][so3_type] = igso3
USING MODEL CONFIG: self._conf[diffuser][crd_scale] = 0.25
USING MODEL CONFIG: self._conf[diffuser][so3_schedule_type] = linear
USING MODEL CONFIG: self._conf[diffuser][min_b] = 1.5
USING MODEL CONFIG: self._conf[diffuser][max_b] = 2.5
USING MODEL CONFIG: self._conf[diffuser][min_sigma] = 0.02
USING MODEL CONFIG: self._conf[diffuser][max_sigma] = 1.5
USING MODEL CONFIG: self._conf[preprocess][sidechain_input] = False
USING MODEL CONFIG: self._conf[preprocess][motif_sidechain_input] = True
USING MODEL CONFIG: self._conf[preprocess][d_t1d] = 22
USING MODEL CONFIG: self._conf[preprocess][d_t2d] = 44
USING MODEL CONFIG: self._conf[preprocess][prob_self_cond] = 0.5
USING MODEL CONFIG: self._conf[preprocess][str_self_cond] = True
USING MODEL CONFIG: self._conf[preprocess][predict_previous] = False
WARNING: You are changing diffuser.partial_T from the value this model was trained with. Are you sure you know what you are doing?
[2026-07-15 17:46:05,244][rfdiffusion.inference.model_runners][INFO] - Loading checkpoint.
[2026-07-15 17:46:05,383][rfdiffusion.diffusion][INFO] - Using cached IGSO3.
Successful diffuser __init__
[2026-07-15 17:46:05,405][__main__][INFO] - Making design /wynton/home/rotation/geanhu/multi-state/data/diffusion-output/5KPE-5KPH/5KPE_8_6_8_0
[2026-07-15 17:46:05,410][rfdiffusion.inference.model_runners][INFO] - Using contig: ['108-108']
With this beta schedule (linear schedule, beta_0 = 0.04, beta_T = 0.28), alpha_bar_T = 0.00013696050154976547
[2026-07-15 17:46:05,447][rfdiffusion.inference.model_runners][INFO] - Sequence init: ------------------------------------------------------------------------------------------------------------
/wynton/home/rotation/geanhu/.conda/envs/SE3nv/lib/python3.9/site-packages/dgl/backend/pytorch/tensor.py:352: UserWarning: TypedStorage is deprecated. It will be removed in the future and UntypedStorage will be the only storage class. This should only matter to you if you are using storages directly.  To access UntypedStorage directly, use tensor.untyped_storage() instead of tensor.storage()
  assert input.numel() == input.storage().size(), "Cannot convert view " \
[2026-07-15 17:46:07,892][__main__][INFO] - Finished design in 0.04 minutes
This is inf_conf.ckpt_path
/wynton/home/rotation/geanhu/software/RFdiffusion/rfdiffusion/inference/../../models/Base_ckpt.pt
Assembling -model, -diffuser and -preprocess configs from checkpoint
USING MODEL CONFIG: self._conf[model][n_extra_block] = 4
USING MODEL CONFIG: self._conf[model][n_main_block] = 32
USING MODEL CONFIG: self._conf[model][n_ref_block] = 4
USING MODEL CONFIG: self._conf[model][d_msa] = 256
USING MODEL CONFIG: self._conf[model][d_msa_full] = 64
USING MODEL CONFIG: self._conf[model][d_pair] = 128
USING MODEL CONFIG: self._conf[model][d_templ] = 64
USING MODEL CONFIG: self._conf[model][n_head_msa] = 8
USING MODEL CONFIG: self._conf[model][n_head_pair] = 4
USING MODEL CONFIG: self._conf[model][n_head_templ] = 4
USING MODEL CONFIG: self._conf[model][d_hidden] = 32
USING MODEL CONFIG: self._conf[model][d_hidden_templ] = 32
USING MODEL CONFIG: self._conf[model][p_drop] = 0.15
USING MODEL CONFIG: self._conf[model][SE3_param_full] = {'num_layers': 1, 'num_channels': 32, 'num_degrees': 2, 'n_heads': 4, 'div': 4, 'l0_in_features': 8, 'l0_out_features': 8, 'l1_in_features': 3, 'l1_out_features': 2, 'num_edge_features': 32}
USING MODEL CONFIG: self._conf[model][SE3_param_topk] = {'num_layers': 1, 'num_channels': 32, 'num_degrees': 2, 'n_heads': 4, 'div': 4, 'l0_in_features': 64, 'l0_out_features': 64, 'l1_in_features': 3, 'l1_out_features': 2, 'num_edge_features': 64}
USING MODEL CONFIG: self._conf[model][freeze_track_motif] = False
USING MODEL CONFIG: self._conf[model][use_motif_timestep] = True
USING MODEL CONFIG: self._conf[diffuser][T] = 50
USING MODEL CONFIG: self._conf[diffuser][b_0] = 0.01
USING MODEL CONFIG: self._conf[diffuser][b_T] = 0.07
USING MODEL CONFIG: self._conf[diffuser][schedule_type] = linear
USING MODEL CONFIG: self._conf[diffuser][so3_type] = igso3
USING MODEL CONFIG: self._conf[diffuser][crd_scale] = 0.25
USING MODEL CONFIG: self._conf[diffuser][so3_schedule_type] = linear
USING MODEL CONFIG: self._conf[diffuser][min_b] = 1.5
USING MODEL CONFIG: self._conf[diffuser][max_b] = 2.5
USING MODEL CONFIG: self._conf[diffuser][min_sigma] = 0.02
USING MODEL CONFIG: self._conf[diffuser][max_sigma] = 1.5
USING MODEL CONFIG: self._conf[preprocess][sidechain_input] = False
USING MODEL CONFIG: self._conf[preprocess][motif_sidechain_input] = True
USING MODEL CONFIG: self._conf[preprocess][d_t1d] = 22
USING MODEL CONFIG: self._conf[preprocess][d_t2d] = 44
USING MODEL CONFIG: self._conf[preprocess][prob_self_cond] = 0.5
USING MODEL CONFIG: self._conf[preprocess][str_self_cond] = True
USING MODEL CONFIG: self._conf[preprocess][predict_previous] = False
WARNING: You are changing diffuser.partial_T from the value this model was trained with. Are you sure you know what you are doing?
[2026-07-15 17:46:08,111][rfdiffusion.inference.model_runners][INFO] - Loading checkpoint.
[2026-07-15 17:46:08,312][rfdiffusion.diffusion][INFO] - Using cached IGSO3.
Successful diffuser __init__
[2026-07-15 17:46:08,335][__main__][INFO] - Making design /wynton/home/rotation/geanhu/multi-state/data/diffusion-output/5KPE-5KPH/5KPE_8_2_3_0
[2026-07-15 17:46:08,341][rfdiffusion.inference.model_runners][INFO] - Using contig: ['108-108']
With this beta schedule (linear schedule, beta_0 = 0.04, beta_T = 0.28), alpha_bar_T = 0.00013696050154976547
[2026-07-15 17:46:08,385][rfdiffusion.inference.model_runners][INFO] - Sequence init: ------------------------------------------------------------------------------------------------------------
This is inf_conf.ckpt_path
/wynton/home/rotation/geanhu/software/RFdiffusion/rfdiffusion/inference/../../models/Base_ckpt.pt
Assembling -model, -diffuser and -preprocess configs from checkpoint
USING MODEL CONFIG: self._conf[model][n_extra_block] = 4
USING MODEL CONFIG: self._conf[model][n_main_block] = 32
USING MODEL CONFIG: self._conf[model][n_ref_block] = 4
USING MODEL CONFIG: self._conf[model][d_msa] = 256
USING MODEL CONFIG: self._conf[model][d_msa_full] = 64
USING MODEL CONFIG: self._conf[model][d_pair] = 128
USING MODEL CONFIG: self._conf[model][d_templ] = 64
USING MODEL CONFIG: self._conf[model][n_head_msa] = 8
USING MODEL CONFIG: self._conf[model][n_head_pair] = 4
USING MODEL CONFIG: self._conf[model][n_head_templ] = 4
USING MODEL CONFIG: self._conf[model][d_hidden] = 32
USING MODEL CONFIG: self._conf[model][d_hidden_templ] = 32
USING MODEL CONFIG: self._conf[model][p_drop] = 0.15
USING MODEL CONFIG: self._conf[model][SE3_param_full] = {'num_layers': 1, 'num_channels': 32, 'num_degrees': 2, 'n_heads': 4, 'div': 4, 'l0_in_features': 8, 'l0_out_features': 8, 'l1_in_features': 3, 'l1_out_features': 2, 'num_edge_features': 32}
USING MODEL CONFIG: self._conf[model][SE3_param_topk] = {'num_layers': 1, 'num_channels': 32, 'num_degrees': 2, 'n_heads': 4, 'div': 4, 'l0_in_features': 64, 'l0_out_features': 64, 'l1_in_features': 3, 'l1_out_features': 2, 'num_edge_features': 64}
USING MODEL CONFIG: self._conf[model][freeze_track_motif] = False
USING MODEL CONFIG: self._conf[model][use_motif_timestep] = True
USING MODEL CONFIG: self._conf[diffuser][T] = 50
USING MODEL CONFIG: self._conf[diffuser][b_0] = 0.01
USING MODEL CONFIG: self._conf[diffuser][b_T] = 0.07
USING MODEL CONFIG: self._conf[diffuser][schedule_type] = linear
USING MODEL CONFIG: self._conf[diffuser][so3_type] = igso3
USING MODEL CONFIG: self._conf[diffuser][crd_scale] = 0.25
USING MODEL CONFIG: self._conf[diffuser][so3_schedule_type] = linear
USING MODEL CONFIG: self._conf[diffuser][min_b] = 1.5
USING MODEL CONFIG: self._conf[diffuser][max_b] = 2.5
USING MODEL CONFIG: self._conf[diffuser][min_sigma] = 0.02
USING MODEL CONFIG: self._conf[diffuser][max_sigma] = 1.5
USING MODEL CONFIG: self._conf[preprocess][sidechain_input] = False
USING MODEL CONFIG: self._conf[preprocess][motif_sidechain_input] = True
USING MODEL CONFIG: self._conf[preprocess][d_t1d] = 22
USING MODEL CONFIG: self._conf[preprocess][d_t2d] = 44
USING MODEL CONFIG: self._conf[preprocess][prob_self_cond] = 0.5
USING MODEL CONFIG: self._conf[preprocess][str_self_cond] = True
USING MODEL CONFIG: self._conf[preprocess][predict_previous] = False
WARNING: You are changing diffuser.partial_T from the value this model was trained with. Are you sure you know what you are doing?
[2026-07-15 17:46:08,490][rfdiffusion.inference.model_runners][INFO] - Loading checkpoint.
[2026-07-15 17:46:08,691][rfdiffusion.diffusion][INFO] - Using cached IGSO3.
End: Wed Jul 15 17:46:08 PDT 2026
-----------
Successful diffuser __init__
[2026-07-15 17:46:08,729][__main__][INFO] - Making design /wynton/home/rotation/geanhu/multi-state/data/diffusion-output/5KPE-5KPH/5KPE_8_6_9_0
[2026-07-15 17:46:08,735][rfdiffusion.inference.model_runners][INFO] - Using contig: ['108-108']
With this beta schedule (linear schedule, beta_0 = 0.04, beta_T = 0.28), alpha_bar_T = 0.00013696050154976547
[2026-07-15 17:46:08,767][rfdiffusion.inference.model_runners][INFO] - Sequence init: ------------------------------------------------------------------------------------------------------------
/wynton/home/rotation/geanhu/.conda/envs/SE3nv/lib/python3.9/site-packages/dgl/backend/pytorch/tensor.py:352: UserWarning: TypedStorage is deprecated. It will be removed in the future and UntypedStorage will be the only storage class. This should only matter to you if you are using storages directly.  To access UntypedStorage directly, use tensor.untyped_storage() instead of tensor.storage()
  assert input.numel() == input.storage().size(), "Cannot convert view " \
/wynton/home/rotation/geanhu/.conda/envs/SE3nv/lib/python3.9/site-packages/dgl/backend/pytorch/tensor.py:352: UserWarning: TypedStorage is deprecated. It will be removed in the future and UntypedStorage will be the only storage class. This should only matter to you if you are using storages directly.  To access UntypedStorage directly, use tensor.untyped_storage() instead of tensor.storage()
  assert input.numel() == input.storage().size(), "Cannot convert view " \
[2026-07-15 17:46:11,657][__main__][INFO] - Finished design in 0.05 minutes
[2026-07-15 17:46:11,718][__main__][INFO] - Finished design in 0.06 minutes
End: Wed Jul 15 17:46:12 PDT 2026
-----------
End: Wed Jul 15 17:46:12 PDT 2026
-----------
Start: Wed Jul 15 17:46:47 PDT 2026
qb3-atgpu12.wynton.ucsf.edu
==============================================================
job_number:                 4198322
exec_file:                  job_scripts/4198322
submission_time:            Wed Jul 15 17:25:19 2026
owner:                      geanhu
uid:                        64854
group:                      wynton-rotation
gid:                        60001
sge_o_home:                 /wynton/home/rotation/geanhu
sge_o_log_name:             geanhu
sge_o_path:                 /wynton/home/rotation/geanhu/.conda/envs/analysis/bin:/wynton/home/cbi/shared/software/CBI/miniforge3-26.3.2-2/condabin:/wynton/home/cbi/shared/software/CBI/miniforge3-26.3.2-2/bin:/wynton/home/ferrin/goddard/localcolabfold/localcolabfold/colabfold-conda/bin:/wynton/home/rotation/geanhu/.local/bin:/wynton/home/rotation/geanhu/bin:/opt/sge/bin:/opt/sge/bin/lx-amd64:/usr/local/bin:/usr/bin:/usr/local/sbin:/usr/sbin:/wynton/home/kortemme/xingjiepan/Softwares/Rosetta/Rosetta/main/source/bin
sge_o_shell:                /bin/bash
sge_o_workdir:              /wynton/home/rotation/geanhu/multi-state/scripts
sge_o_host:                 dev2
account:                    sge
cwd:                        /wynton/home/rotation/geanhu/multi-state/scripts
merge:                      y
hard resource_list:         compute_cap=80,gpu_mem=40G,h_rt=1800,hostname=!qb3-idgpu18,mem_free=32G,scratch=32G
mail_list:                  geanhu@dev2.wynton.ucsf.edu
notify:                     FALSE
job_name:                   diffusion
stdout_path_list:           NONE:NONE:logs/rfdiffusion/$JOB_ID.log
jobshare:                   0
hard_queue_list:            gpu.q
shell_list:                 NONE:/bin/bash
env_list:                   TERM=NONE
script_file:                rfdiffusion.sh
parallel environment:  smp range: 1
project:                    wynton-rotation
job-array tasks:            1-10:1
binding:                    NONE
job_type:                   NONE
usage         8:            cpu=00:00:00, mem=0.00000 GB s, io=0.00000 GB, vmem=N/A, maxvmem=N/A
usage         9:            cpu=00:00:00, mem=0.00000 GB s, io=0.00000 GB, vmem=N/A, maxvmem=N/A
binding       8:            NONE
binding       9:            NONE
scheduling info:            (Collecting of scheduler job information is turned off)
------Start of script-------
#!/bin/bash
#$ -S /bin/bash
#$ -q gpu.q
#$ -pe smp 1
#$ -l compute_cap=80,gpu_mem=40G
#$ -cwd
#$ -N diffusion
#$ -o logs/rfdiffusion/$JOB_ID.log
#$ -j y
#$ -l h_rt=00:30:00
#$ -l mem_free=32G
#$ -l scratch=32G
#$ -l h=!qb3-idgpu18
#$ -t 1-10

# metadata
echo "Start: $(date)"
echo "$(hostname)"
[[ -n "$JOB_ID" ]] && qstat -j "$JOB_ID"
echo "------Start of script-------"
cat "$0"
echo ""
echo "-------End of script---------"

# setup env
module load CBI miniforge3
conda activate SE3nv

# # create array job settings
input_dir="$HOME/multi-state/data/string-sampling/end-states/"

if (( $SGE_TASK_ID <= 3 )); then
    pdb_list="${input_dir}/5kph-missing.txt"
    PDB_FILE=$(sed -n "${SGE_TASK_ID}p" "$pdb_list")

    # run
    python ~/software/RFdiffusion/scripts/run_inference.py \
        inference.num_designs=1 \
        diffuser.partial_T=1 \
        'contigmap.contigs=[72-72]' \
        "inference.input_pdb=$PDB_FILE" \
        "inference.output_prefix=$HOME/multi-state/data/diffusion-output/5KPE-5KPH/$(basename $PDB_FILE .pdb)"
elif (( $SGE_TASK_ID > 3 )); then
    pdb_list="${input_dir}/5kpe-missing.txt"
    PDB_FILE=$(sed -n "$((SGE_TASK_ID - 3))p" "$pdb_list")

    python ~/software/RFdiffusion/scripts/run_inference.py \
        inference.num_designs=1 \
        diffuser.partial_T=1 \
        'contigmap.contigs=[108-108]' \
        "inference.input_pdb=$PDB_FILE" \
        "inference.output_prefix=$HOME/multi-state/data/diffusion-output/5KPE-5KPH/$(basename $PDB_FILE .pdb)"
fi

#end
echo "End: $(date)"
echo "-----------"
Start: Wed Jul 15 17:46:47 PDT 2026
-------End of script---------
qb3-atgpu12.wynton.ucsf.edu
==============================================================
job_number:                 4198322
exec_file:                  job_scripts/4198322
submission_time:            Wed Jul 15 17:25:19 2026
owner:                      geanhu
uid:                        64854
group:                      wynton-rotation
gid:                        60001
sge_o_home:                 /wynton/home/rotation/geanhu
sge_o_log_name:             geanhu
sge_o_path:                 /wynton/home/rotation/geanhu/.conda/envs/analysis/bin:/wynton/home/cbi/shared/software/CBI/miniforge3-26.3.2-2/condabin:/wynton/home/cbi/shared/software/CBI/miniforge3-26.3.2-2/bin:/wynton/home/ferrin/goddard/localcolabfold/localcolabfold/colabfold-conda/bin:/wynton/home/rotation/geanhu/.local/bin:/wynton/home/rotation/geanhu/bin:/opt/sge/bin:/opt/sge/bin/lx-amd64:/usr/local/bin:/usr/bin:/usr/local/sbin:/usr/sbin:/wynton/home/kortemme/xingjiepan/Softwares/Rosetta/Rosetta/main/source/bin
sge_o_shell:                /bin/bash
sge_o_workdir:              /wynton/home/rotation/geanhu/multi-state/scripts
sge_o_host:                 dev2
account:                    sge
cwd:                        /wynton/home/rotation/geanhu/multi-state/scripts
merge:                      y
hard resource_list:         compute_cap=80,gpu_mem=40G,h_rt=1800,hostname=!qb3-idgpu18,mem_free=32G,scratch=32G
mail_list:                  geanhu@dev2.wynton.ucsf.edu
notify:                     FALSE
job_name:                   diffusion
stdout_path_list:           NONE:NONE:logs/rfdiffusion/$JOB_ID.log
jobshare:                   0
hard_queue_list:            gpu.q
shell_list:                 NONE:/bin/bash
env_list:                   TERM=NONE
script_file:                rfdiffusion.sh
parallel environment:  smp range: 1
project:                    wynton-rotation
job-array tasks:            1-10:1
binding:                    NONE
job_type:                   NONE
usage         8:            cpu=00:00:00, mem=0.00000 GB s, io=0.00000 GB, vmem=N/A, maxvmem=N/A
usage         9:            cpu=00:00:00, mem=0.00000 GB s, io=0.00000 GB, vmem=N/A, maxvmem=N/A
binding       8:            NONE
binding       9:            NONE
scheduling info:            (Collecting of scheduler job information is turned off)
------Start of script-------
#!/bin/bash
#$ -S /bin/bash
#$ -q gpu.q
#$ -pe smp 1
#$ -l compute_cap=80,gpu_mem=40G
#$ -cwd
#$ -N diffusion
#$ -o logs/rfdiffusion/$JOB_ID.log
#$ -j y
#$ -l h_rt=00:30:00
#$ -l mem_free=32G
#$ -l scratch=32G
#$ -l h=!qb3-idgpu18
#$ -t 1-10

# metadata
echo "Start: $(date)"
echo "$(hostname)"
[[ -n "$JOB_ID" ]] && qstat -j "$JOB_ID"
echo "------Start of script-------"
cat "$0"
echo ""
echo "-------End of script---------"

# setup env
module load CBI miniforge3
conda activate SE3nv

# # create array job settings
input_dir="$HOME/multi-state/data/string-sampling/end-states/"

if (( $SGE_TASK_ID <= 3 )); then
    pdb_list="${input_dir}/5kph-missing.txt"
    PDB_FILE=$(sed -n "${SGE_TASK_ID}p" "$pdb_list")

    # run
    python ~/software/RFdiffusion/scripts/run_inference.py \
        inference.num_designs=1 \
        diffuser.partial_T=1 \
        'contigmap.contigs=[72-72]' \
        "inference.input_pdb=$PDB_FILE" \
        "inference.output_prefix=$HOME/multi-state/data/diffusion-output/5KPE-5KPH/$(basename $PDB_FILE .pdb)"
elif (( $SGE_TASK_ID > 3 )); then
    pdb_list="${input_dir}/5kpe-missing.txt"
    PDB_FILE=$(sed -n "$((SGE_TASK_ID - 3))p" "$pdb_list")

    python ~/software/RFdiffusion/scripts/run_inference.py \
        inference.num_designs=1 \
        diffuser.partial_T=1 \
        'contigmap.contigs=[108-108]' \
        "inference.input_pdb=$PDB_FILE" \
        "inference.output_prefix=$HOME/multi-state/data/diffusion-output/5KPE-5KPH/$(basename $PDB_FILE .pdb)"
fi

#end
echo "End: $(date)"
echo "-----------"
-------End of script---------
/wynton/home/rotation/geanhu/software/RFdiffusion/rfdiffusion/util.py:253: UserWarning: Using torch.cross without specifying the dim arg is deprecated.
Please either pass the dim explicitly or simply use torch.linalg.cross.
The default value of dim will change to agree with that of linalg.cross in a future release. (Triggered internally at ../aten/src/ATen/native/Cross.cpp:62.)
  Z = torch.cross(Xn, Yn)
/wynton/home/rotation/geanhu/software/RFdiffusion/rfdiffusion/util.py:253: UserWarning: Using torch.cross without specifying the dim arg is deprecated.
Please either pass the dim explicitly or simply use torch.linalg.cross.
The default value of dim will change to agree with that of linalg.cross in a future release. (Triggered internally at ../aten/src/ATen/native/Cross.cpp:62.)
  Z = torch.cross(Xn, Yn)
[2026-07-15 17:46:59,171][__main__][INFO] - Found GPU with device_name NVIDIA A40. Will run RFdiffusion on NVIDIA A40
Reading models from /wynton/home/rotation/geanhu/software/RFdiffusion/rfdiffusion/inference/../../models
[2026-07-15 17:46:59,174][rfdiffusion.inference.model_runners][INFO] - Reading checkpoint from /wynton/home/rotation/geanhu/software/RFdiffusion/rfdiffusion/inference/../../models/Base_ckpt.pt
[2026-07-15 17:46:59,178][__main__][INFO] - Found GPU with device_name NVIDIA A40. Will run RFdiffusion on NVIDIA A40
Reading models from /wynton/home/rotation/geanhu/software/RFdiffusion/rfdiffusion/inference/../../models
[2026-07-15 17:46:59,181][rfdiffusion.inference.model_runners][INFO] - Reading checkpoint from /wynton/home/rotation/geanhu/software/RFdiffusion/rfdiffusion/inference/../../models/Base_ckpt.pt
This is inf_conf.ckpt_path
/wynton/home/rotation/geanhu/software/RFdiffusion/rfdiffusion/inference/../../models/Base_ckpt.pt
Assembling -model, -diffuser and -preprocess configs from checkpoint
USING MODEL CONFIG: self._conf[model][n_extra_block] = 4
USING MODEL CONFIG: self._conf[model][n_main_block] = 32
USING MODEL CONFIG: self._conf[model][n_ref_block] = 4
USING MODEL CONFIG: self._conf[model][d_msa] = 256
USING MODEL CONFIG: self._conf[model][d_msa_full] = 64
USING MODEL CONFIG: self._conf[model][d_pair] = 128
USING MODEL CONFIG: self._conf[model][d_templ] = 64
USING MODEL CONFIG: self._conf[model][n_head_msa] = 8
USING MODEL CONFIG: self._conf[model][n_head_pair] = 4
USING MODEL CONFIG: self._conf[model][n_head_templ] = 4
USING MODEL CONFIG: self._conf[model][d_hidden] = 32
USING MODEL CONFIG: self._conf[model][d_hidden_templ] = 32
USING MODEL CONFIG: self._conf[model][p_drop] = 0.15
USING MODEL CONFIG: self._conf[model][SE3_param_full] = {'num_layers': 1, 'num_channels': 32, 'num_degrees': 2, 'n_heads': 4, 'div': 4, 'l0_in_features': 8, 'l0_out_features': 8, 'l1_in_features': 3, 'l1_out_features': 2, 'num_edge_features': 32}
USING MODEL CONFIG: self._conf[model][SE3_param_topk] = {'num_layers': 1, 'num_channels': 32, 'num_degrees': 2, 'n_heads': 4, 'div': 4, 'l0_in_features': 64, 'l0_out_features': 64, 'l1_in_features': 3, 'l1_out_features': 2, 'num_edge_features': 64}
USING MODEL CONFIG: self._conf[model][freeze_track_motif] = False
USING MODEL CONFIG: self._conf[model][use_motif_timestep] = True
USING MODEL CONFIG: self._conf[diffuser][T] = 50
USING MODEL CONFIG: self._conf[diffuser][b_0] = 0.01
USING MODEL CONFIG: self._conf[diffuser][b_T] = 0.07
USING MODEL CONFIG: self._conf[diffuser][schedule_type] = linear
USING MODEL CONFIG: self._conf[diffuser][so3_type] = igso3
USING MODEL CONFIG: self._conf[diffuser][crd_scale] = 0.25
USING MODEL CONFIG: self._conf[diffuser][so3_schedule_type] = linear
USING MODEL CONFIG: self._conf[diffuser][min_b] = 1.5
USING MODEL CONFIG: self._conf[diffuser][max_b] = 2.5
USING MODEL CONFIG: self._conf[diffuser][min_sigma] = 0.02
USING MODEL CONFIG: self._conf[diffuser][max_sigma] = 1.5
USING MODEL CONFIG: self._conf[preprocess][sidechain_input] = False
USING MODEL CONFIG: self._conf[preprocess][motif_sidechain_input] = True
USING MODEL CONFIG: self._conf[preprocess][d_t1d] = 22
USING MODEL CONFIG: self._conf[preprocess][d_t2d] = 44
USING MODEL CONFIG: self._conf[preprocess][prob_self_cond] = 0.5
USING MODEL CONFIG: self._conf[preprocess][str_self_cond] = True
USING MODEL CONFIG: self._conf[preprocess][predict_previous] = False
WARNING: You are changing diffuser.partial_T from the value this model was trained with. Are you sure you know what you are doing?
[2026-07-15 17:47:06,648][rfdiffusion.inference.model_runners][INFO] - Loading checkpoint.
[2026-07-15 17:47:06,779][rfdiffusion.diffusion][INFO] - Using cached IGSO3.
Successful diffuser __init__
[2026-07-15 17:47:06,820][__main__][INFO] - Making design /wynton/home/rotation/geanhu/multi-state/data/diffusion-output/5KPE-5KPH/5KPE_4_8_1_0
[2026-07-15 17:47:06,828][rfdiffusion.inference.model_runners][INFO] - Using contig: ['108-108']
With this beta schedule (linear schedule, beta_0 = 0.04, beta_T = 0.28), alpha_bar_T = 0.00013696050154976547
[2026-07-15 17:47:06,875][rfdiffusion.inference.model_runners][INFO] - Sequence init: ------------------------------------------------------------------------------------------------------------
/wynton/home/rotation/geanhu/.conda/envs/SE3nv/lib/python3.9/site-packages/dgl/backend/pytorch/tensor.py:352: UserWarning: TypedStorage is deprecated. It will be removed in the future and UntypedStorage will be the only storage class. This should only matter to you if you are using storages directly.  To access UntypedStorage directly, use tensor.untyped_storage() instead of tensor.storage()
  assert input.numel() == input.storage().size(), "Cannot convert view " \
This is inf_conf.ckpt_path
/wynton/home/rotation/geanhu/software/RFdiffusion/rfdiffusion/inference/../../models/Base_ckpt.pt
Assembling -model, -diffuser and -preprocess configs from checkpoint
USING MODEL CONFIG: self._conf[model][n_extra_block] = 4
USING MODEL CONFIG: self._conf[model][n_main_block] = 32
USING MODEL CONFIG: self._conf[model][n_ref_block] = 4
USING MODEL CONFIG: self._conf[model][d_msa] = 256
USING MODEL CONFIG: self._conf[model][d_msa_full] = 64
USING MODEL CONFIG: self._conf[model][d_pair] = 128
USING MODEL CONFIG: self._conf[model][d_templ] = 64
USING MODEL CONFIG: self._conf[model][n_head_msa] = 8
USING MODEL CONFIG: self._conf[model][n_head_pair] = 4
USING MODEL CONFIG: self._conf[model][n_head_templ] = 4
USING MODEL CONFIG: self._conf[model][d_hidden] = 32
USING MODEL CONFIG: self._conf[model][d_hidden_templ] = 32
USING MODEL CONFIG: self._conf[model][p_drop] = 0.15
USING MODEL CONFIG: self._conf[model][SE3_param_full] = {'num_layers': 1, 'num_channels': 32, 'num_degrees': 2, 'n_heads': 4, 'div': 4, 'l0_in_features': 8, 'l0_out_features': 8, 'l1_in_features': 3, 'l1_out_features': 2, 'num_edge_features': 32}
USING MODEL CONFIG: self._conf[model][SE3_param_topk] = {'num_layers': 1, 'num_channels': 32, 'num_degrees': 2, 'n_heads': 4, 'div': 4, 'l0_in_features': 64, 'l0_out_features': 64, 'l1_in_features': 3, 'l1_out_features': 2, 'num_edge_features': 64}
USING MODEL CONFIG: self._conf[model][freeze_track_motif] = False
USING MODEL CONFIG: self._conf[model][use_motif_timestep] = True
USING MODEL CONFIG: self._conf[diffuser][T] = 50
USING MODEL CONFIG: self._conf[diffuser][b_0] = 0.01
USING MODEL CONFIG: self._conf[diffuser][b_T] = 0.07
USING MODEL CONFIG: self._conf[diffuser][schedule_type] = linear
USING MODEL CONFIG: self._conf[diffuser][so3_type] = igso3
USING MODEL CONFIG: self._conf[diffuser][crd_scale] = 0.25
USING MODEL CONFIG: self._conf[diffuser][so3_schedule_type] = linear
USING MODEL CONFIG: self._conf[diffuser][min_b] = 1.5
USING MODEL CONFIG: self._conf[diffuser][max_b] = 2.5
USING MODEL CONFIG: self._conf[diffuser][min_sigma] = 0.02
USING MODEL CONFIG: self._conf[diffuser][max_sigma] = 1.5
USING MODEL CONFIG: self._conf[preprocess][sidechain_input] = False
USING MODEL CONFIG: self._conf[preprocess][motif_sidechain_input] = True
USING MODEL CONFIG: self._conf[preprocess][d_t1d] = 22
USING MODEL CONFIG: self._conf[preprocess][d_t2d] = 44
USING MODEL CONFIG: self._conf[preprocess][prob_self_cond] = 0.5
USING MODEL CONFIG: self._conf[preprocess][str_self_cond] = True
USING MODEL CONFIG: self._conf[preprocess][predict_previous] = False
WARNING: You are changing diffuser.partial_T from the value this model was trained with. Are you sure you know what you are doing?
[2026-07-15 17:47:07,996][rfdiffusion.inference.model_runners][INFO] - Loading checkpoint.
[2026-07-15 17:47:08,198][rfdiffusion.diffusion][INFO] - Using cached IGSO3.
Successful diffuser __init__
[2026-07-15 17:47:08,221][__main__][INFO] - Making design /wynton/home/rotation/geanhu/multi-state/data/diffusion-output/5KPE-5KPH/5KPE_8_2_6_0
[2026-07-15 17:47:08,228][rfdiffusion.inference.model_runners][INFO] - Using contig: ['108-108']
With this beta schedule (linear schedule, beta_0 = 0.04, beta_T = 0.28), alpha_bar_T = 0.00013696050154976547
[2026-07-15 17:47:08,263][rfdiffusion.inference.model_runners][INFO] - Sequence init: ------------------------------------------------------------------------------------------------------------
/wynton/home/rotation/geanhu/.conda/envs/SE3nv/lib/python3.9/site-packages/dgl/backend/pytorch/tensor.py:352: UserWarning: TypedStorage is deprecated. It will be removed in the future and UntypedStorage will be the only storage class. This should only matter to you if you are using storages directly.  To access UntypedStorage directly, use tensor.untyped_storage() instead of tensor.storage()
  assert input.numel() == input.storage().size(), "Cannot convert view " \
[2026-07-15 17:47:10,289][__main__][INFO] - Finished design in 0.06 minutes
[2026-07-15 17:47:11,150][__main__][INFO] - Finished design in 0.05 minutes
End: Wed Jul 15 17:47:11 PDT 2026
-----------
End: Wed Jul 15 17:47:12 PDT 2026
-----------
Start: Wed Jul 15 17:47:47 PDT 2026
qb3-atgpu12.wynton.ucsf.edu
==============================================================
job_number:                 4198322
exec_file:                  job_scripts/4198322
submission_time:            Wed Jul 15 17:25:19 2026
owner:                      geanhu
uid:                        64854
group:                      wynton-rotation
gid:                        60001
sge_o_home:                 /wynton/home/rotation/geanhu
sge_o_log_name:             geanhu
sge_o_path:                 /wynton/home/rotation/geanhu/.conda/envs/analysis/bin:/wynton/home/cbi/shared/software/CBI/miniforge3-26.3.2-2/condabin:/wynton/home/cbi/shared/software/CBI/miniforge3-26.3.2-2/bin:/wynton/home/ferrin/goddard/localcolabfold/localcolabfold/colabfold-conda/bin:/wynton/home/rotation/geanhu/.local/bin:/wynton/home/rotation/geanhu/bin:/opt/sge/bin:/opt/sge/bin/lx-amd64:/usr/local/bin:/usr/bin:/usr/local/sbin:/usr/sbin:/wynton/home/kortemme/xingjiepan/Softwares/Rosetta/Rosetta/main/source/bin
sge_o_shell:                /bin/bash
sge_o_workdir:              /wynton/home/rotation/geanhu/multi-state/scripts
sge_o_host:                 dev2
account:                    sge
cwd:                        /wynton/home/rotation/geanhu/multi-state/scripts
merge:                      y
hard resource_list:         compute_cap=80,gpu_mem=40G,h_rt=1800,hostname=!qb3-idgpu18,mem_free=32G,scratch=32G
mail_list:                  geanhu@dev2.wynton.ucsf.edu
notify:                     FALSE
job_name:                   diffusion
stdout_path_list:           NONE:NONE:logs/rfdiffusion/$JOB_ID.log
jobshare:                   0
hard_queue_list:            gpu.q
shell_list:                 NONE:/bin/bash
env_list:                   TERM=NONE
script_file:                rfdiffusion.sh
parallel environment:  smp range: 1
project:                    wynton-rotation
job-array tasks:            1-10:1
binding:                    NONE
job_type:                   NONE
usage        10:            cpu=00:00:00, mem=0.00000 GB s, io=0.00000 GB, vmem=N/A, maxvmem=N/A
binding      10:            NONE
scheduling info:            (Collecting of scheduler job information is turned off)
------Start of script-------
#!/bin/bash
#$ -S /bin/bash
#$ -q gpu.q
#$ -pe smp 1
#$ -l compute_cap=80,gpu_mem=40G
#$ -cwd
#$ -N diffusion
#$ -o logs/rfdiffusion/$JOB_ID.log
#$ -j y
#$ -l h_rt=00:30:00
#$ -l mem_free=32G
#$ -l scratch=32G
#$ -l h=!qb3-idgpu18
#$ -t 1-10

# metadata
echo "Start: $(date)"
echo "$(hostname)"
[[ -n "$JOB_ID" ]] && qstat -j "$JOB_ID"
echo "------Start of script-------"
cat "$0"
echo ""
echo "-------End of script---------"

# setup env
module load CBI miniforge3
conda activate SE3nv

# # create array job settings
input_dir="$HOME/multi-state/data/string-sampling/end-states/"

if (( $SGE_TASK_ID <= 3 )); then
    pdb_list="${input_dir}/5kph-missing.txt"
    PDB_FILE=$(sed -n "${SGE_TASK_ID}p" "$pdb_list")

    # run
    python ~/software/RFdiffusion/scripts/run_inference.py \
        inference.num_designs=1 \
        diffuser.partial_T=1 \
        'contigmap.contigs=[72-72]' \
        "inference.input_pdb=$PDB_FILE" \
        "inference.output_prefix=$HOME/multi-state/data/diffusion-output/5KPE-5KPH/$(basename $PDB_FILE .pdb)"
elif (( $SGE_TASK_ID > 3 )); then
    pdb_list="${input_dir}/5kpe-missing.txt"
    PDB_FILE=$(sed -n "$((SGE_TASK_ID - 3))p" "$pdb_list")

    python ~/software/RFdiffusion/scripts/run_inference.py \
        inference.num_designs=1 \
        diffuser.partial_T=1 \
        'contigmap.contigs=[108-108]' \
        "inference.input_pdb=$PDB_FILE" \
        "inference.output_prefix=$HOME/multi-state/data/diffusion-output/5KPE-5KPH/$(basename $PDB_FILE .pdb)"
fi

#end
echo "End: $(date)"
echo "-----------"
-------End of script---------
/wynton/home/rotation/geanhu/software/RFdiffusion/rfdiffusion/util.py:253: UserWarning: Using torch.cross without specifying the dim arg is deprecated.
Please either pass the dim explicitly or simply use torch.linalg.cross.
The default value of dim will change to agree with that of linalg.cross in a future release. (Triggered internally at ../aten/src/ATen/native/Cross.cpp:62.)
  Z = torch.cross(Xn, Yn)
[2026-07-15 17:47:59,206][__main__][INFO] - Found GPU with device_name NVIDIA A40. Will run RFdiffusion on NVIDIA A40
Reading models from /wynton/home/rotation/geanhu/software/RFdiffusion/rfdiffusion/inference/../../models
[2026-07-15 17:47:59,208][rfdiffusion.inference.model_runners][INFO] - Reading checkpoint from /wynton/home/rotation/geanhu/software/RFdiffusion/rfdiffusion/inference/../../models/Base_ckpt.pt
This is inf_conf.ckpt_path
/wynton/home/rotation/geanhu/software/RFdiffusion/rfdiffusion/inference/../../models/Base_ckpt.pt
Assembling -model, -diffuser and -preprocess configs from checkpoint
USING MODEL CONFIG: self._conf[model][n_extra_block] = 4
USING MODEL CONFIG: self._conf[model][n_main_block] = 32
USING MODEL CONFIG: self._conf[model][n_ref_block] = 4
USING MODEL CONFIG: self._conf[model][d_msa] = 256
USING MODEL CONFIG: self._conf[model][d_msa_full] = 64
USING MODEL CONFIG: self._conf[model][d_pair] = 128
USING MODEL CONFIG: self._conf[model][d_templ] = 64
USING MODEL CONFIG: self._conf[model][n_head_msa] = 8
USING MODEL CONFIG: self._conf[model][n_head_pair] = 4
USING MODEL CONFIG: self._conf[model][n_head_templ] = 4
USING MODEL CONFIG: self._conf[model][d_hidden] = 32
USING MODEL CONFIG: self._conf[model][d_hidden_templ] = 32
USING MODEL CONFIG: self._conf[model][p_drop] = 0.15
USING MODEL CONFIG: self._conf[model][SE3_param_full] = {'num_layers': 1, 'num_channels': 32, 'num_degrees': 2, 'n_heads': 4, 'div': 4, 'l0_in_features': 8, 'l0_out_features': 8, 'l1_in_features': 3, 'l1_out_features': 2, 'num_edge_features': 32}
USING MODEL CONFIG: self._conf[model][SE3_param_topk] = {'num_layers': 1, 'num_channels': 32, 'num_degrees': 2, 'n_heads': 4, 'div': 4, 'l0_in_features': 64, 'l0_out_features': 64, 'l1_in_features': 3, 'l1_out_features': 2, 'num_edge_features': 64}
USING MODEL CONFIG: self._conf[model][freeze_track_motif] = False
USING MODEL CONFIG: self._conf[model][use_motif_timestep] = True
USING MODEL CONFIG: self._conf[diffuser][T] = 50
USING MODEL CONFIG: self._conf[diffuser][b_0] = 0.01
USING MODEL CONFIG: self._conf[diffuser][b_T] = 0.07
USING MODEL CONFIG: self._conf[diffuser][schedule_type] = linear
USING MODEL CONFIG: self._conf[diffuser][so3_type] = igso3
USING MODEL CONFIG: self._conf[diffuser][crd_scale] = 0.25
USING MODEL CONFIG: self._conf[diffuser][so3_schedule_type] = linear
USING MODEL CONFIG: self._conf[diffuser][min_b] = 1.5
USING MODEL CONFIG: self._conf[diffuser][max_b] = 2.5
USING MODEL CONFIG: self._conf[diffuser][min_sigma] = 0.02
USING MODEL CONFIG: self._conf[diffuser][max_sigma] = 1.5
USING MODEL CONFIG: self._conf[preprocess][sidechain_input] = False
USING MODEL CONFIG: self._conf[preprocess][motif_sidechain_input] = True
USING MODEL CONFIG: self._conf[preprocess][d_t1d] = 22
USING MODEL CONFIG: self._conf[preprocess][d_t2d] = 44
USING MODEL CONFIG: self._conf[preprocess][prob_self_cond] = 0.5
USING MODEL CONFIG: self._conf[preprocess][str_self_cond] = True
USING MODEL CONFIG: self._conf[preprocess][predict_previous] = False
WARNING: You are changing diffuser.partial_T from the value this model was trained with. Are you sure you know what you are doing?
[2026-07-15 17:48:05,522][rfdiffusion.inference.model_runners][INFO] - Loading checkpoint.
[2026-07-15 17:48:05,726][rfdiffusion.diffusion][INFO] - Using cached IGSO3.
Successful diffuser __init__
[2026-07-15 17:48:05,752][__main__][INFO] - Making design /wynton/home/rotation/geanhu/multi-state/data/diffusion-output/5KPE-5KPH/5KPE_4_8_0_0
[2026-07-15 17:48:05,760][rfdiffusion.inference.model_runners][INFO] - Using contig: ['108-108']
With this beta schedule (linear schedule, beta_0 = 0.04, beta_T = 0.28), alpha_bar_T = 0.00013696050154976547
[2026-07-15 17:48:05,806][rfdiffusion.inference.model_runners][INFO] - Sequence init: ------------------------------------------------------------------------------------------------------------
/wynton/home/rotation/geanhu/.conda/envs/SE3nv/lib/python3.9/site-packages/dgl/backend/pytorch/tensor.py:352: UserWarning: TypedStorage is deprecated. It will be removed in the future and UntypedStorage will be the only storage class. This should only matter to you if you are using storages directly.  To access UntypedStorage directly, use tensor.untyped_storage() instead of tensor.storage()
  assert input.numel() == input.storage().size(), "Cannot convert view " \
[2026-07-15 17:48:08,930][__main__][INFO] - Finished design in 0.05 minutes
End: Wed Jul 15 17:48:10 PDT 2026
-----------
