Start: Fri Aug 14 18:21:33 PDT 2026
qb3-atgpu10.wynton.ucsf.edu
==============================================================
job_number:                 4521855
exec_file:                  job_scripts/4521855
submission_time:            Fri Aug 14 18:21:27 2026
owner:                      geanhu
uid:                        64854
group:                      wynton-rotation
gid:                        60001
sge_o_home:                 /wynton/home/rotation/geanhu
sge_o_log_name:             geanhu
sge_o_path:                 /wynton/home/cbi/shared/software/CBI/miniforge3-26.3.2-2/condabin:/wynton/home/cbi/shared/software/CBI/miniforge3-26.3.2-2/bin:/wynton/home/rotation/geanhu/.local/bin:/wynton/home/rotation/geanhu/bin:/opt/sge/bin:/opt/sge/bin/lx-amd64:/usr/local/bin:/usr/bin:/usr/local/sbin:/usr/sbin:/wynton/home/ferrin/goddard/localcolabfold/localcolabfold/colabfold-conda/bin:/wynton/home/kortemme/xingjiepan/Softwares/Rosetta/Rosetta/main/source/bin
sge_o_shell:                /bin/bash
sge_o_workdir:              /wynton/home/rotation/geanhu/multi-state/scripts
sge_o_host:                 dev2
account:                    sge
cwd:                        /wynton/home/rotation/geanhu/multi-state/scripts
merge:                      y
hard resource_list:         compute_cap=80,gpu_mem=40G,h_rt=900,mem_free=32G,scratch=32G,hostname=!qb3-idgpu18
mail_list:                  geanhu@dev2.wynton.ucsf.edu
notify:                     FALSE
job_name:                   diffusion
stdout_path_list:           NONE:NONE:logs/rfdiffusion/$JOB_ID.log
jobshare:                   0
hard_queue_list:            gpu.q
shell_list:                 NONE:/bin/bash
env_list:                   TERM=NONE
script_file:                rfdiffusion.sh
parallel environment:  smp range: 1
project:                    wynton-rotation
job-array tasks:            1-120:1
binding:                    NONE
job_type:                   NONE
usage         1:            cpu=00:00:00, mem=0.00000 GB s, io=0.00000 GB, vmem=N/A, maxvmem=N/A
binding       1:            NONE
scheduling info:            (Collecting of scheduler job information is turned off)
------Start of script-------
#!/bin/bash
#$ -S /bin/bash
#$ -q gpu.q
#$ -pe smp 1
#$ -l compute_cap=80,gpu_mem=40G
#$ -cwd
#$ -N diffusion
#$ -o logs/rfdiffusion/$JOB_ID.log
#$ -j y
#$ -l h_rt=00:15:00
#$ -l mem_free=32G
#$ -l scratch=32G
#$ -l h=!qb3-idgpu18
#$ -t 1-120

# metadata
echo "Start: $(date)"
echo "$(hostname)"
[[ -n "$JOB_ID" ]] && qstat -j "$JOB_ID"
echo "------Start of script-------"
cat "$0"
echo ""
echo "-------End of script---------"

export CUDA_VISIBLE_DEVICES=$SGE_GPU

# setup env
module load CBI miniforge3
conda activate SE3nv

# # create array job settings
input_dir="/wynton/home/rotation/geanhu/multi-state/data/string-sampling/5KPH-4a"
pdb_list="${input_dir}/5KPH.txt"
if [ ! -f "$pdb_list" ]; then
    find "$input_dir" -type f -name "5KPH*.pdb" | sort > "$pdb_list"
fi
PDB_FILE=$(sed -n "${SGE_TASK_ID}p" "$pdb_list")

# run
python ~/software/RFdiffusion/scripts/run_inference.py \
    inference.num_designs=1 \
    diffuser.partial_T=1 \
    'contigmap.contigs=[72-72]' \
    "inference.input_pdb=$PDB_FILE" \
    "inference.output_prefix=$HOME/multi-state/data/diffusion-output/5KPH-4a/$(basename $PDB_FILE .pdb)"

#end
echo "End: $(date)"
echo "-----------"
-------End of script---------
/wynton/home/rotation/geanhu/software/RFdiffusion/rfdiffusion/util.py:253: UserWarning: Using torch.cross without specifying the dim arg is deprecated.
Please either pass the dim explicitly or simply use torch.linalg.cross.
The default value of dim will change to agree with that of linalg.cross in a future release. (Triggered internally at ../aten/src/ATen/native/Cross.cpp:62.)
  Z = torch.cross(Xn, Yn)
[2026-08-14 18:23:44,982][__main__][INFO] - ////////////////////////////////////////////////
[2026-08-14 18:23:45,006][__main__][INFO] - ///// NO GPU DETECTED! Falling back to CPU /////
[2026-08-14 18:23:45,007][__main__][INFO] - ////////////////////////////////////////////////
Reading models from /wynton/home/rotation/geanhu/software/RFdiffusion/rfdiffusion/inference/../../models
[2026-08-14 18:23:45,008][rfdiffusion.inference.model_runners][INFO] - Reading checkpoint from /wynton/home/rotation/geanhu/software/RFdiffusion/rfdiffusion/inference/../../models/Base_ckpt.pt
This is inf_conf.ckpt_path
/wynton/home/rotation/geanhu/software/RFdiffusion/rfdiffusion/inference/../../models/Base_ckpt.pt
Assembling -model, -diffuser and -preprocess configs from checkpoint
USING MODEL CONFIG: self._conf[model][n_extra_block] = 4
USING MODEL CONFIG: self._conf[model][n_main_block] = 32
USING MODEL CONFIG: self._conf[model][n_ref_block] = 4
USING MODEL CONFIG: self._conf[model][d_msa] = 256
USING MODEL CONFIG: self._conf[model][d_msa_full] = 64
USING MODEL CONFIG: self._conf[model][d_pair] = 128
USING MODEL CONFIG: self._conf[model][d_templ] = 64
USING MODEL CONFIG: self._conf[model][n_head_msa] = 8
USING MODEL CONFIG: self._conf[model][n_head_pair] = 4
USING MODEL CONFIG: self._conf[model][n_head_templ] = 4
USING MODEL CONFIG: self._conf[model][d_hidden] = 32
USING MODEL CONFIG: self._conf[model][d_hidden_templ] = 32
USING MODEL CONFIG: self._conf[model][p_drop] = 0.15
USING MODEL CONFIG: self._conf[model][SE3_param_full] = {'num_layers': 1, 'num_channels': 32, 'num_degrees': 2, 'n_heads': 4, 'div': 4, 'l0_in_features': 8, 'l0_out_features': 8, 'l1_in_features': 3, 'l1_out_features': 2, 'num_edge_features': 32}
USING MODEL CONFIG: self._conf[model][SE3_param_topk] = {'num_layers': 1, 'num_channels': 32, 'num_degrees': 2, 'n_heads': 4, 'div': 4, 'l0_in_features': 64, 'l0_out_features': 64, 'l1_in_features': 3, 'l1_out_features': 2, 'num_edge_features': 64}
USING MODEL CONFIG: self._conf[model][freeze_track_motif] = False
USING MODEL CONFIG: self._conf[model][use_motif_timestep] = True
USING MODEL CONFIG: self._conf[diffuser][T] = 50
USING MODEL CONFIG: self._conf[diffuser][b_0] = 0.01
USING MODEL CONFIG: self._conf[diffuser][b_T] = 0.07
USING MODEL CONFIG: self._conf[diffuser][schedule_type] = linear
USING MODEL CONFIG: self._conf[diffuser][so3_type] = igso3
USING MODEL CONFIG: self._conf[diffuser][crd_scale] = 0.25
USING MODEL CONFIG: self._conf[diffuser][so3_schedule_type] = linear
USING MODEL CONFIG: self._conf[diffuser][min_b] = 1.5
USING MODEL CONFIG: self._conf[diffuser][max_b] = 2.5
USING MODEL CONFIG: self._conf[diffuser][min_sigma] = 0.02
USING MODEL CONFIG: self._conf[diffuser][max_sigma] = 1.5
USING MODEL CONFIG: self._conf[preprocess][sidechain_input] = False
USING MODEL CONFIG: self._conf[preprocess][motif_sidechain_input] = True
USING MODEL CONFIG: self._conf[preprocess][d_t1d] = 22
USING MODEL CONFIG: self._conf[preprocess][d_t2d] = 44
USING MODEL CONFIG: self._conf[preprocess][prob_self_cond] = 0.5
USING MODEL CONFIG: self._conf[preprocess][str_self_cond] = True
USING MODEL CONFIG: self._conf[preprocess][predict_previous] = False
WARNING: You are changing diffuser.partial_T from the value this model was trained with. Are you sure you know what you are doing?
[2026-08-14 18:23:52,340][rfdiffusion.inference.model_runners][INFO] - Loading checkpoint.
[2026-08-14 18:23:52,464][rfdiffusion.diffusion][INFO] - Using cached IGSO3.
Successful diffuser __init__
[2026-08-14 18:23:52,679][__main__][INFO] - Making design /wynton/home/rotation/geanhu/multi-state/data/diffusion-output/5KPH-4a/5KPH_c107_0_0
[2026-08-14 18:23:52,684][rfdiffusion.inference.model_runners][INFO] - Using contig: ['72-72']
With this beta schedule (linear schedule, beta_0 = 0.04, beta_T = 0.28), alpha_bar_T = 0.00013696050154976547
[2026-08-14 18:23:52,786][rfdiffusion.inference.model_runners][INFO] - Sequence init: ------------------------------------------------------------------------
/wynton/home/rotation/geanhu/.conda/envs/SE3nv/lib/python3.9/site-packages/dgl/backend/pytorch/tensor.py:352: UserWarning: TypedStorage is deprecated. It will be removed in the future and UntypedStorage will be the only storage class. This should only matter to you if you are using storages directly.  To access UntypedStorage directly, use tensor.untyped_storage() instead of tensor.storage()
  assert input.numel() == input.storage().size(), "Cannot convert view " \
[2026-08-14 18:23:57,287][__main__][INFO] - Finished design in 0.08 minutes
End: Fri Aug 14 18:24:01 PDT 2026
-----------
Start: Fri Aug 14 18:24:33 PDT 2026
qb3-atgpu10.wynton.ucsf.edu
==============================================================
job_number:                 4521855
exec_file:                  job_scripts/4521855
submission_time:            Fri Aug 14 18:21:27 2026
owner:                      geanhu
uid:                        64854
group:                      wynton-rotation
gid:                        60001
sge_o_home:                 /wynton/home/rotation/geanhu
sge_o_log_name:             geanhu
sge_o_path:                 /wynton/home/cbi/shared/software/CBI/miniforge3-26.3.2-2/condabin:/wynton/home/cbi/shared/software/CBI/miniforge3-26.3.2-2/bin:/wynton/home/rotation/geanhu/.local/bin:/wynton/home/rotation/geanhu/bin:/opt/sge/bin:/opt/sge/bin/lx-amd64:/usr/local/bin:/usr/bin:/usr/local/sbin:/usr/sbin:/wynton/home/ferrin/goddard/localcolabfold/localcolabfold/colabfold-conda/bin:/wynton/home/kortemme/xingjiepan/Softwares/Rosetta/Rosetta/main/source/bin
sge_o_shell:                /bin/bash
sge_o_workdir:              /wynton/home/rotation/geanhu/multi-state/scripts
sge_o_host:                 dev2
account:                    sge
cwd:                        /wynton/home/rotation/geanhu/multi-state/scripts
merge:                      y
hard resource_list:         compute_cap=80,gpu_mem=40G,h_rt=900,hostname=!qb3-idgpu18,mem_free=32G,scratch=32G
mail_list:                  geanhu@dev2.wynton.ucsf.edu
notify:                     FALSE
job_name:                   diffusion
stdout_path_list:           NONE:NONE:logs/rfdiffusion/$JOB_ID.log
jobshare:                   0
hard_queue_list:            gpu.q
shell_list:                 NONE:/bin/bash
env_list:                   TERM=NONE
script_file:                rfdiffusion.sh
parallel environment:  smp range: 1
project:                    wynton-rotation
job-array tasks:            1-120:1
binding:                    NONE
job_type:                   NONE
usage         2:            cpu=00:00:00, mem=0.00000 GB s, io=0.00000 GB, vmem=N/A, maxvmem=N/A
binding       2:            NONE
scheduling info:            (Collecting of scheduler job information is turned off)
------Start of script-------
#!/bin/bash
#$ -S /bin/bash
#$ -q gpu.q
#$ -pe smp 1
#$ -l compute_cap=80,gpu_mem=40G
#$ -cwd
#$ -N diffusion
#$ -o logs/rfdiffusion/$JOB_ID.log
#$ -j y
#$ -l h_rt=00:15:00
#$ -l mem_free=32G
#$ -l scratch=32G
#$ -l h=!qb3-idgpu18
#$ -t 1-120

# metadata
echo "Start: $(date)"
echo "$(hostname)"
[[ -n "$JOB_ID" ]] && qstat -j "$JOB_ID"
echo "------Start of script-------"
cat "$0"
echo ""
echo "-------End of script---------"

export CUDA_VISIBLE_DEVICES=$SGE_GPU

# setup env
module load CBI miniforge3
conda activate SE3nv

# # create array job settings
input_dir="/wynton/home/rotation/geanhu/multi-state/data/string-sampling/5KPH-4a"
pdb_list="${input_dir}/5KPH.txt"
if [ ! -f "$pdb_list" ]; then
    find "$input_dir" -type f -name "5KPH*.pdb" | sort > "$pdb_list"
fi
PDB_FILE=$(sed -n "${SGE_TASK_ID}p" "$pdb_list")

# run
python ~/software/RFdiffusion/scripts/run_inference.py \
    inference.num_designs=1 \
    diffuser.partial_T=1 \
    'contigmap.contigs=[72-72]' \
    "inference.input_pdb=$PDB_FILE" \
    "inference.output_prefix=$HOME/multi-state/data/diffusion-output/5KPH-4a/$(basename $PDB_FILE .pdb)"

#end
echo "End: $(date)"
echo "-----------"
-------End of script---------
/wynton/home/rotation/geanhu/software/RFdiffusion/rfdiffusion/util.py:253: UserWarning: Using torch.cross without specifying the dim arg is deprecated.
Please either pass the dim explicitly or simply use torch.linalg.cross.
The default value of dim will change to agree with that of linalg.cross in a future release. (Triggered internally at ../aten/src/ATen/native/Cross.cpp:62.)
  Z = torch.cross(Xn, Yn)
[2026-08-14 18:25:21,902][__main__][INFO] - ////////////////////////////////////////////////
[2026-08-14 18:25:21,904][__main__][INFO] - ///// NO GPU DETECTED! Falling back to CPU /////
[2026-08-14 18:25:21,905][__main__][INFO] - ////////////////////////////////////////////////
Reading models from /wynton/home/rotation/geanhu/software/RFdiffusion/rfdiffusion/inference/../../models
[2026-08-14 18:25:21,906][rfdiffusion.inference.model_runners][INFO] - Reading checkpoint from /wynton/home/rotation/geanhu/software/RFdiffusion/rfdiffusion/inference/../../models/Base_ckpt.pt
This is inf_conf.ckpt_path
/wynton/home/rotation/geanhu/software/RFdiffusion/rfdiffusion/inference/../../models/Base_ckpt.pt
Assembling -model, -diffuser and -preprocess configs from checkpoint
USING MODEL CONFIG: self._conf[model][n_extra_block] = 4
USING MODEL CONFIG: self._conf[model][n_main_block] = 32
USING MODEL CONFIG: self._conf[model][n_ref_block] = 4
USING MODEL CONFIG: self._conf[model][d_msa] = 256
USING MODEL CONFIG: self._conf[model][d_msa_full] = 64
USING MODEL CONFIG: self._conf[model][d_pair] = 128
USING MODEL CONFIG: self._conf[model][d_templ] = 64
USING MODEL CONFIG: self._conf[model][n_head_msa] = 8
USING MODEL CONFIG: self._conf[model][n_head_pair] = 4
USING MODEL CONFIG: self._conf[model][n_head_templ] = 4
USING MODEL CONFIG: self._conf[model][d_hidden] = 32
USING MODEL CONFIG: self._conf[model][d_hidden_templ] = 32
USING MODEL CONFIG: self._conf[model][p_drop] = 0.15
USING MODEL CONFIG: self._conf[model][SE3_param_full] = {'num_layers': 1, 'num_channels': 32, 'num_degrees': 2, 'n_heads': 4, 'div': 4, 'l0_in_features': 8, 'l0_out_features': 8, 'l1_in_features': 3, 'l1_out_features': 2, 'num_edge_features': 32}
USING MODEL CONFIG: self._conf[model][SE3_param_topk] = {'num_layers': 1, 'num_channels': 32, 'num_degrees': 2, 'n_heads': 4, 'div': 4, 'l0_in_features': 64, 'l0_out_features': 64, 'l1_in_features': 3, 'l1_out_features': 2, 'num_edge_features': 64}
USING MODEL CONFIG: self._conf[model][freeze_track_motif] = False
USING MODEL CONFIG: self._conf[model][use_motif_timestep] = True
USING MODEL CONFIG: self._conf[diffuser][T] = 50
USING MODEL CONFIG: self._conf[diffuser][b_0] = 0.01
USING MODEL CONFIG: self._conf[diffuser][b_T] = 0.07
USING MODEL CONFIG: self._conf[diffuser][schedule_type] = linear
USING MODEL CONFIG: self._conf[diffuser][so3_type] = igso3
USING MODEL CONFIG: self._conf[diffuser][crd_scale] = 0.25
USING MODEL CONFIG: self._conf[diffuser][so3_schedule_type] = linear
USING MODEL CONFIG: self._conf[diffuser][min_b] = 1.5
USING MODEL CONFIG: self._conf[diffuser][max_b] = 2.5
USING MODEL CONFIG: self._conf[diffuser][min_sigma] = 0.02
USING MODEL CONFIG: self._conf[diffuser][max_sigma] = 1.5
USING MODEL CONFIG: self._conf[preprocess][sidechain_input] = False
USING MODEL CONFIG: self._conf[preprocess][motif_sidechain_input] = True
USING MODEL CONFIG: self._conf[preprocess][d_t1d] = 22
USING MODEL CONFIG: self._conf[preprocess][d_t2d] = 44
USING MODEL CONFIG: self._conf[preprocess][prob_self_cond] = 0.5
USING MODEL CONFIG: self._conf[preprocess][str_self_cond] = True
USING MODEL CONFIG: self._conf[preprocess][predict_previous] = False
WARNING: You are changing diffuser.partial_T from the value this model was trained with. Are you sure you know what you are doing?
[2026-08-14 18:25:26,728][rfdiffusion.inference.model_runners][INFO] - Loading checkpoint.
[2026-08-14 18:25:26,852][rfdiffusion.diffusion][INFO] - Using cached IGSO3.
Successful diffuser __init__
[2026-08-14 18:25:26,950][__main__][INFO] - Making design /wynton/home/rotation/geanhu/multi-state/data/diffusion-output/5KPH-4a/5KPH_c107_1_0
[2026-08-14 18:25:26,954][rfdiffusion.inference.model_runners][INFO] - Using contig: ['72-72']
With this beta schedule (linear schedule, beta_0 = 0.04, beta_T = 0.28), alpha_bar_T = 0.00013696050154976547
[2026-08-14 18:25:26,992][rfdiffusion.inference.model_runners][INFO] - Sequence init: ------------------------------------------------------------------------
/wynton/home/rotation/geanhu/.conda/envs/SE3nv/lib/python3.9/site-packages/dgl/backend/pytorch/tensor.py:352: UserWarning: TypedStorage is deprecated. It will be removed in the future and UntypedStorage will be the only storage class. This should only matter to you if you are using storages directly.  To access UntypedStorage directly, use tensor.untyped_storage() instead of tensor.storage()
  assert input.numel() == input.storage().size(), "Cannot convert view " \
[2026-08-14 18:25:31,206][__main__][INFO] - Finished design in 0.07 minutes
End: Fri Aug 14 18:25:31 PDT 2026
-----------
