Start: Wed Jul 22 14:04:54 PDT 2026
qb3-atgpu36.wynton.ucsf.edu
==============================================================
job_number:                 4260717
exec_file:                  job_scripts/4260717
submission_time:            Wed Jul 22 13:59:31 2026
owner:                      geanhu
uid:                        64854
group:                      wynton-rotation
gid:                        60001
sge_o_home:                 /wynton/home/rotation/geanhu
sge_o_log_name:             geanhu
sge_o_path:                 /wynton/home/cbi/shared/software/CBI/miniforge3-24.7.1-0/condabin:/wynton/home/cbi/shared/software/CBI/miniforge3-24.7.1-0/bin:/wynton/home/ferrin/goddard/localcolabfold/localcolabfold/colabfold-conda/bin:/wynton/home/rotation/geanhu/.local/bin:/wynton/home/rotation/geanhu/bin:/opt/sge/bin:/opt/sge/bin/lx-amd64:/usr/local/bin:/usr/bin:/usr/local/sbin:/usr/sbin:/wynton/home/kortemme/xingjiepan/Softwares/Rosetta/Rosetta/main/source/bin
sge_o_shell:                /bin/bash
sge_o_workdir:              /wynton/home/rotation/geanhu/multi-state/scripts
sge_o_host:                 dev3
account:                    sge
cwd:                        /wynton/home/rotation/geanhu/multi-state/scripts
merge:                      y
hard resource_list:         h_rt=259200,mem_free=96G,scratch=16G
mail_list:                  geanhu@dev3.wynton.ucsf.edu
notify:                     FALSE
job_name:                   fold
stdout_path_list:           NONE:NONE:logs/af2ig/$JOB_ID.log
jobshare:                   0
hard_queue_list:            long.q
shell_list:                 NONE:/bin/bash
env_list:                   TERM=NONE
script_file:                af2ig.sh
parallel environment:  smp range: 1
project:                    wynton-rotation
binding:                    NONE
job_type:                   NONE
usage         1:            cpu=00:00:00, mem=0.00000 GB s, io=0.00000 GB, vmem=N/A, maxvmem=N/A
binding       1:            NONE
scheduling info:            (Collecting of scheduler job information is turned off)
------Start of script-------
#!/bin/bash
#$ -S /bin/bash
#$ -q long.q
#$ -pe smp 1
##$ -l compute_cap=61,gpu_mem=6000M
#$ -cwd
#$ -N fold
#$ -o logs/af2ig/$JOB_ID.log
#$ -j y
#$ -l h_rt=72:00:00
#$ -l mem_free=96G
#$ -l scratch=16G
##$ -l h=!qb3-idgpu18

# metadata
echo "Start: $(date)"
echo "$(hostname)"
[[ -n "$JOB_ID" ]] && qstat -j "$JOB_ID"
echo "------Start of script-------"
cat "$0"
echo ""
echo "-------End of script---------"

#export CUDA_VISIBLE_DEVICES=$SGE_GPU

# env
module load CBI miniforge3
conda activate af2_ig

# run
python '/wynton/home/rotation/geanhu/software/dl_binder_design/af2_initial_guess/predict.py' \
    -pdbdir '/wynton/home/rotation/geanhu/multi-state/data/mpnn-output/5KPE-5KPH_multi-state/temp1/separated' \
    -outpdbdir '/wynton/home/rotation/geanhu/multi-state/data/af2ig-output/5KPE-5KPH/temp1' \
    -force_monomer \
    -recycle 3 \
    -start_seed 42 \
    -num_seeds 5 \
    -debug
-------End of script---------
/wynton/home/rotation/geanhu/.conda/envs/af2_ig/lib/python3.11/site-packages/Bio/Data/SCOPData.py:18: BiopythonDeprecationWarning: The 'Bio.Data.SCOPData' module will be deprecated in a future release of Biopython in favor of 'Bio.Data.PDBData.
  warnings.warn(
/wynton/home/rotation/geanhu/software/dl_binder_design/af2_initial_guess/predict.py:30: UserWarning: Import of 'rosetta' as a top-level module is deprecated and may be removed in 2018, import via 'pyrosetta.rosetta'.
  from rosetta import *
WARNING:tensorflow:From /wynton/home/rotation/geanhu/software/dl_binder_design/af2_initial_guess/alphafold/model/tf/input_pipeline.py:152: calling map_fn (from tensorflow.python.ops.map_fn) with dtype is deprecated and will be removed in a future version.
Instructions for updating:
Use fn_output_signature instead
WARNING: All log messages before absl::InitializeLog() is called are written to STDERR
I0000 00:00:1784754395.283115 2042678 mlir_graph_optimization_pass.cc:425] MLIR V1 optimization pass is not enabled
