Start: Sun Jul 12 16:51:30 PDT 2026
==============================================================
job_number:                 4164651
exec_file:                  job_scripts/4164651
submission_time:            Sun Jul 12 16:51:10 2026
owner:                      geanhu
uid:                        64854
group:                      wynton-rotation
gid:                        60001
sge_o_home:                 /wynton/home/rotation/geanhu
sge_o_log_name:             geanhu
sge_o_path:                 /wynton/home/rotation/geanhu/.conda/envs/ligandmpnn/bin:/wynton/home/cbi/shared/software/CBI/miniforge3-26.3.2-2/condabin:/wynton/home/cbi/shared/software/CBI/miniforge3-26.3.2-2/bin:/wynton/home/ferrin/goddard/localcolabfold/localcolabfold/colabfold-conda/bin:/wynton/home/rotation/geanhu/.local/bin:/wynton/home/rotation/geanhu/bin:/opt/sge/bin:/opt/sge/bin/lx-amd64:/usr/local/bin:/usr/bin:/usr/local/sbin:/usr/sbin:/wynton/home/kortemme/xingjiepan/Softwares/Rosetta/Rosetta/main/source/bin
sge_o_shell:                /bin/bash
sge_o_workdir:              /wynton/home/rotation/geanhu/multi-state/scripts
sge_o_host:                 dev3
account:                    sge
cwd:                        /wynton/home/rotation/geanhu/multi-state/scripts
merge:                      y
hard resource_list:         h_rt=21600,mem_free=16G,scratch=1G
mail_list:                  geanhu@dev3.wynton.ucsf.edu
notify:                     FALSE
job_name:                   mpnn
stdout_path_list:           NONE:NONE:logs/$JOB_ID.log
jobshare:                   0
hard_queue_list:            long.q
shell_list:                 NONE:/bin/bash
env_list:                   TERM=NONE
script_file:                solublempnn.sh
project:                    wynton-rotation
binding:                    NONE
job_type:                   NONE
usage         1:            cpu=00:00:00, mem=0.00000 GB s, io=0.00000 GB, vmem=N/A, maxvmem=N/A
binding       1:            NONE
scheduling info:            (Collecting of scheduler job information is turned off)
#!/bin/bash
#$ -S /bin/bash
#$ -q long.q
#$ -cwd
#$ -N mpnn
#$ -o logs/$JOB_ID.log
#$ -j y
#$ -l h_rt=06:00:00
#$ -l mem_free=16G
#$ -l scratch=1G

# metadata
echo "Start: $(date)"
[[ -n "$JOB_ID" ]] && qstat -j "$JOB_ID"
cat "$0"
echo "-------End of script---------"

# setup env
module load CBI miniforge3
conda activate ligandmpnn

# run
python ~/software/LigandMPNN/run.py \
    --checkpoint_soluble_mpnn "~/software/LigandMPNN/model_params/solublempnn_v_48_002.pt" \
    --pdb_path_multi '~/multi-state/data/string-sampling/5KPE-5KPH.json' \
    --out_folder '~/multi-state/data/mpnn-output/5KPE-5KPH/' \
    --seed 42 \
    --temperature 0.1 \
    --omit_AAs "CH" \
    --num_seq_per_target 8 \

#end
echo "End: $(date)"-------End of script---------
usage: run.py [-h] [--model_type MODEL_TYPE]
              [--checkpoint_protein_mpnn CHECKPOINT_PROTEIN_MPNN]
              [--checkpoint_ligand_mpnn CHECKPOINT_LIGAND_MPNN]
              [--checkpoint_per_residue_label_membrane_mpnn CHECKPOINT_PER_RESIDUE_LABEL_MEMBRANE_MPNN]
              [--checkpoint_global_label_membrane_mpnn CHECKPOINT_GLOBAL_LABEL_MEMBRANE_MPNN]
              [--checkpoint_soluble_mpnn CHECKPOINT_SOLUBLE_MPNN]
              [--fasta_seq_separation FASTA_SEQ_SEPARATION]
              [--verbose VERBOSE] [--pdb_path PDB_PATH]
              [--pdb_path_multi PDB_PATH_MULTI]
              [--fixed_residues FIXED_RESIDUES]
              [--fixed_residues_multi FIXED_RESIDUES_MULTI]
              [--redesigned_residues REDESIGNED_RESIDUES]
              [--redesigned_residues_multi REDESIGNED_RESIDUES_MULTI]
              [--bias_AA BIAS_AA] [--bias_AA_per_residue BIAS_AA_PER_RESIDUE]
              [--bias_AA_per_residue_multi BIAS_AA_PER_RESIDUE_MULTI]
              [--omit_AA OMIT_AA] [--omit_AA_per_residue OMIT_AA_PER_RESIDUE]
              [--omit_AA_per_residue_multi OMIT_AA_PER_RESIDUE_MULTI]
              [--symmetry_residues SYMMETRY_RESIDUES]
              [--symmetry_weights SYMMETRY_WEIGHTS]
              [--homo_oligomer HOMO_OLIGOMER] [--out_folder OUT_FOLDER]
              [--file_ending FILE_ENDING] [--zero_indexed ZERO_INDEXED]
              [--seed SEED] [--batch_size BATCH_SIZE]
              [--number_of_batches NUMBER_OF_BATCHES]
              [--temperature TEMPERATURE] [--save_stats SAVE_STATS]
              [--ligand_mpnn_use_atom_context LIGAND_MPNN_USE_ATOM_CONTEXT]
              [--ligand_mpnn_cutoff_for_score LIGAND_MPNN_CUTOFF_FOR_SCORE]
              [--ligand_mpnn_use_side_chain_context LIGAND_MPNN_USE_SIDE_CHAIN_CONTEXT]
              [--chains_to_design CHAINS_TO_DESIGN]
              [--parse_these_chains_only PARSE_THESE_CHAINS_ONLY]
              [--transmembrane_buried TRANSMEMBRANE_BURIED]
              [--transmembrane_interface TRANSMEMBRANE_INTERFACE]
              [--global_transmembrane_label GLOBAL_TRANSMEMBRANE_LABEL]
              [--parse_atoms_with_zero_occupancy PARSE_ATOMS_WITH_ZERO_OCCUPANCY]
              [--pack_side_chains PACK_SIDE_CHAINS]
              [--checkpoint_path_sc CHECKPOINT_PATH_SC]
              [--number_of_packs_per_design NUMBER_OF_PACKS_PER_DESIGN]
              [--sc_num_denoising_steps SC_NUM_DENOISING_STEPS]
              [--sc_num_samples SC_NUM_SAMPLES]
              [--repack_everything REPACK_EVERYTHING]
              [--force_hetatm FORCE_HETATM] [--packed_suffix PACKED_SUFFIX]
              [--pack_with_ligand_context PACK_WITH_LIGAND_CONTEXT]
run.py: error: unrecognized arguments: --omit_AAs CH --num_seq_per_target 8
End: Sun Jul 12 16:52:57 PDT 2026
