Start: Sun Jul 12 17:11:30 PDT 2026
==============================================================
job_number:                 4164666
exec_file:                  job_scripts/4164666
submission_time:            Sun Jul 12 17:10:51 2026
owner:                      geanhu
uid:                        64854
group:                      wynton-rotation
gid:                        60001
sge_o_home:                 /wynton/home/rotation/geanhu
sge_o_log_name:             geanhu
sge_o_path:                 /wynton/home/rotation/geanhu/.conda/envs/ligandmpnn/bin:/wynton/home/cbi/shared/software/CBI/miniforge3-26.3.2-2/condabin:/wynton/home/cbi/shared/software/CBI/miniforge3-26.3.2-2/bin:/wynton/home/ferrin/goddard/localcolabfold/localcolabfold/colabfold-conda/bin:/wynton/home/rotation/geanhu/.local/bin:/wynton/home/rotation/geanhu/bin:/opt/sge/bin:/opt/sge/bin/lx-amd64:/usr/local/bin:/usr/bin:/usr/local/sbin:/usr/sbin:/wynton/home/kortemme/xingjiepan/Softwares/Rosetta/Rosetta/main/source/bin
sge_o_shell:                /bin/bash
sge_o_workdir:              /wynton/home/rotation/geanhu/multi-state/scripts
sge_o_host:                 dev3
account:                    sge
cwd:                        /wynton/home/rotation/geanhu/multi-state/scripts
merge:                      y
hard resource_list:         h_rt=21600,mem_free=16G,scratch=1G
mail_list:                  geanhu@dev3.wynton.ucsf.edu
notify:                     FALSE
job_name:                   mpnn
stdout_path_list:           NONE:NONE:logs/mpnn/$JOB_ID.log
jobshare:                   0
hard_queue_list:            long.q
shell_list:                 NONE:/bin/bash
env_list:                   TERM=NONE
script_file:                solublempnn.sh
project:                    wynton-rotation
binding:                    NONE
job_type:                   NONE
usage         1:            cpu=00:00:00, mem=0.00000 GB s, io=0.00000 GB, vmem=N/A, maxvmem=N/A
binding       1:            NONE
scheduling info:            (Collecting of scheduler job information is turned off)
------Start of script-------
#!/bin/bash
#$ -S /bin/bash
#$ -q long.q
#$ -cwd
#$ -N mpnn
#$ -o logs/mpnn/$JOB_ID.log
#$ -j y
#$ -l h_rt=06:00:00
#$ -l mem_free=16G
#$ -l scratch=1G

# metadata
echo "Start: $(date)"
[[ -n "$JOB_ID" ]] && qstat -j "$JOB_ID"
echo "------Start of script-------"
cat "$0"
echo "-------End of script---------"

# setup env
module load CBI miniforge3
conda activate ligandmpnn

# run
python ~/software/LigandMPNN/run.py \
    --model_type "soluble_mpnn" \
    --checkpoint_soluble_mpnn "$HOME/software/LigandMPNN/model_params/solublempnn_v_48_002.pt" \
    --pdb_path_multi "$HOME/multi-state/data/string-sampling/5KPE-5KPH.json" \
    --out_folder "$HOME/multi-state/data/mpnn-output/5KPE-5KPH/" \
    --seed 42 \
    --temperature 0.1 \
    --omit_AA "CH" \
    --batch_size 1 \
    --number_of_batches 8

#end
echo "End: $(date)"-------End of script---------
Designing protein from this path: /wynton/home/rotation/geanhu/multi-state/data/string-sampling/end-states/5KPE_6_4_4.pdb
Traceback (most recent call last):
  File "/wynton/home/rotation/geanhu/software/LigandMPNN/run.py", line 990, in <module>
    main(args)
  File "/wynton/home/rotation/geanhu/software/LigandMPNN/run.py", line 200, in main
    protein_dict, backbone, other_atoms, icodes, _ = parse_PDB(
                                                     ^^^^^^^^^^
  File "/wynton/home/rotation/geanhu/software/LigandMPNN/data_utils.py", line 778, in parse_PDB
    atoms = parsePDB(input_path)
            ^^^^^^^^^^^^^^^^^^^^
  File "/wynton/home/rotation/geanhu/.conda/envs/ligandmpnn/lib/python3.11/site-packages/prody/proteins/pdbfile.py", line 124, in parsePDB
    return _parsePDB(pdb[0], **kwargs)
           ^^^^^^^^^^^^^^^^^^^^^^^^^^^
  File "/wynton/home/rotation/geanhu/.conda/envs/ligandmpnn/lib/python3.11/site-packages/prody/proteins/pdbfile.py", line 206, in _parsePDB
    pdb, chain = _getPDBid(pdb)
                 ^^^^^^^^^^^^^^
  File "/wynton/home/rotation/geanhu/.conda/envs/ligandmpnn/lib/python3.11/site-packages/prody/proteins/pdbfile.py", line 193, in _getPDBid
    raise IOError('{0} is not a valid filename or a valid PDB '
OSError: /wynton/home/rotation/geanhu/multi-state/data/string-sampling/end-states/5KPE_6_4_4.pdb is not a valid filename or a valid PDB identifier.
End: Sun Jul 12 17:12:12 PDT 2026
