Start: Thu Aug  6 17:01:03 PDT 2026
qb3-id306.wynton.ucsf.edu
==============================================================
job_number:                 4426794
exec_file:                  job_scripts/4426794
submission_time:            Thu Aug  6 16:57:29 2026
owner:                      geanhu
uid:                        64854
group:                      wynton-rotation
gid:                        60001
sge_o_home:                 /wynton/home/rotation/geanhu
sge_o_log_name:             geanhu
sge_o_path:                 /wynton/home/cbi/shared/software/CBI/miniforge3-26.3.2-2/condabin:/wynton/home/cbi/shared/software/CBI/miniforge3-26.3.2-2/bin:/wynton/home/rotation/geanhu/.local/bin:/wynton/home/rotation/geanhu/bin:/opt/sge/bin:/opt/sge/bin/lx-amd64:/usr/local/bin:/usr/bin:/usr/local/sbin:/usr/sbin:/wynton/home/ferrin/goddard/localcolabfold/localcolabfold/colabfold-conda/bin:/wynton/home/kortemme/xingjiepan/Softwares/Rosetta/Rosetta/main/source/bin
sge_o_shell:                /bin/bash
sge_o_workdir:              /wynton/home/rotation/geanhu/multi-state/scripts
sge_o_host:                 dev3
account:                    sge
cwd:                        /wynton/home/rotation/geanhu/multi-state/scripts
merge:                      y
hard resource_list:         h_rt=1800,mem_free=8G,scratch=1G
mail_list:                  geanhu@dev3.wynton.ucsf.edu
notify:                     FALSE
job_name:                   multi
stdout_path_list:           NONE:NONE:logs/misc/$JOB_ID.log
jobshare:                   0
hard_queue_list:            short.q
shell_list:                 NONE:/bin/bash
env_list:                   TERM=NONE
script_file:                multi-cpu.sh
parallel environment:  smp range: 8
project:                    wynton-rotation
binding:                    NONE
job_type:                   NONE
usage         1:            cpu=00:00:00, mem=0.00000 GB s, io=0.00000 GB, vmem=N/A, maxvmem=N/A
binding       1:            NONE
scheduling info:            (Collecting of scheduler job information is turned off)
------Start of script-------
#!/bin/bash
#$ -S /bin/bash
#$ -q short.q
#$ -cwd
#$ -N multi
#$ -o logs/misc/$JOB_ID.log
#$ -j y
#$ -l h_rt=00:30:00
#$ -l mem_free=8G
#$ -l scratch=1G
#$ -pe smp 8

# metadata
echo "Start: $(date)"
echo "$(hostname)"
[[ -n "$JOB_ID" ]] && qstat -j "$JOB_ID"
echo "------Start of script-------"
cat "$0"
echo "-------End of script---------"

# setup env
module load CBI miniforge3
conda activate pyrosetta

# run
python ~/multi-state/scripts/utils/pyrosetta-fastrelax-side-chains-score.py \
    '/wynton/home/rotation/geanhu/multi-state/data/mpnn-output/5KPE-5KPH_multi-state/temp1/backbones' \
    '/wynton/home/rotation/geanhu/multi-state/data/pyrosetta-output/5KPE-5KPH_multi-state/temp1'

#end
echo "End: $(date)"-------End of script---------
python: can't open file '/wynton/home/rotation/geanhu/multi-state/scripts/utils/pyrosetta-fastrelax-side-chains-score.py': [Errno 2] No such file or directory
End: Thu Aug  6 17:01:06 PDT 2026
