Start: Thu Aug  6 17:28:44 PDT 2026
qb3-id306.wynton.ucsf.edu
==============================================================
job_number:                 4426968
exec_file:                  job_scripts/4426968
submission_time:            Thu Aug  6 17:25:25 2026
owner:                      geanhu
uid:                        64854
group:                      wynton-rotation
gid:                        60001
sge_o_home:                 /wynton/home/rotation/geanhu
sge_o_log_name:             geanhu
sge_o_path:                 /wynton/home/cbi/shared/software/CBI/miniforge3-26.3.2-2/condabin:/wynton/home/cbi/shared/software/CBI/miniforge3-26.3.2-2/bin:/wynton/home/rotation/geanhu/.local/bin:/wynton/home/rotation/geanhu/bin:/opt/sge/bin:/opt/sge/bin/lx-amd64:/usr/local/bin:/usr/bin:/usr/local/sbin:/usr/sbin:/wynton/home/ferrin/goddard/localcolabfold/localcolabfold/colabfold-conda/bin:/wynton/home/kortemme/xingjiepan/Softwares/Rosetta/Rosetta/main/source/bin
sge_o_shell:                /bin/bash
sge_o_workdir:              /wynton/home/rotation/geanhu/multi-state/scripts
sge_o_host:                 dev3
account:                    sge
cwd:                        /wynton/home/rotation/geanhu/multi-state/scripts
merge:                      y
hard resource_list:         h_rt=1800,mem_free=8G,scratch=1G
mail_list:                  geanhu@dev3.wynton.ucsf.edu
notify:                     FALSE
job_name:                   multi
stdout_path_list:           NONE:NONE:logs/misc/$JOB_ID.log
jobshare:                   0
hard_queue_list:            short.q
shell_list:                 NONE:/bin/bash
env_list:                   TERM=NONE
script_file:                multi-cpu.sh
parallel environment:  smp range: 8
project:                    wynton-rotation
binding:                    NONE
job_type:                   NONE
usage         1:            cpu=00:00:00, mem=0.00000 GB s, io=0.00000 GB, vmem=N/A, maxvmem=N/A
binding       1:            NONE
scheduling info:            (Collecting of scheduler job information is turned off)
------Start of script-------
#!/bin/bash
#$ -S /bin/bash
#$ -q short.q
#$ -cwd
#$ -N multi
#$ -o logs/misc/$JOB_ID.log
#$ -j y
#$ -l h_rt=00:30:00
#$ -l mem_free=8G
#$ -l scratch=1G
#$ -pe smp 8

# metadata
echo "Start: $(date)"
echo "$(hostname)"
[[ -n "$JOB_ID" ]] && qstat -j "$JOB_ID"
echo "------Start of script-------"
cat "$0"
echo "-------End of script---------"

# setup env
module load CBI miniforge3
conda activate pyrosetta

# run
python ~/multi-state/scripts/utils/pyrosetta-fastrelax-sidechains-score.py \
    '/wynton/home/rotation/geanhu/multi-state/data/mpnn-output/5KPE-5KPH_multi-state/temp1/backbones' \
    '/wynton/home/rotation/geanhu/multi-state/data/pyrosetta-output/5KPE-5KPH_multi-state/temp1'

#end
echo "End: $(date)"-------End of script---------
Using 8 threads to process 4128 files
  0%|          | 0/4128 [00:00<?, ?it/s]  0%|          | 0/4128 [00:17<?, ?it/s]
┌───────────────────────────────────────────────────────────────────────────────┐
│                                  PyRosetta-4                                  │
│               Created in JHU by Sergey Lyskov and PyRosetta Team              │
│               (C) Copyright Rosetta Commons Member Institutions               │
│                                                                               │
│ NOTE: USE OF PyRosetta FOR COMMERCIAL PURPOSES REQUIRES PURCHASE OF A LICENSE │
│          See LICENSE.PyRosetta.md or email license@uw.edu for details         │
└───────────────────────────────────────────────────────────────────────────────┘
PyRosetta-4 2026 [Rosetta PyRosetta4.Release.python313.ubuntu 2026.03+releasequarterly.5e498f1409c68ade56c8ce5842bf79e1b02e8db4 2026-01-13T13:24:11] retrieved from: http://www.pyrosetta.org
┌───────────────────────────────────────────────────────────────────────────────┐
│                                  PyRosetta-4                                  │
│               Created in JHU by Sergey Lyskov and PyRosetta Team              │
│               (C) Copyright Rosetta Commons Member Institutions               │
│                                                                               │
│ NOTE: USE OF PyRosetta FOR COMMERCIAL PURPOSES REQUIRES PURCHASE OF A LICENSE │
│          See LICENSE.PyRosetta.md or email license@uw.edu for details         │
└───────────────────────────────────────────────────────────────────────────────┘
PyRosetta-4 2026 [Rosetta PyRosetta4.Release.python313.ubuntu 2026.03+releasequarterly.5e498f1409c68ade56c8ce5842bf79e1b02e8db4 2026-01-13T13:24:11] retrieved from: http://www.pyrosetta.org
┌───────────────────────────────────────────────────────────────────────────────┐
│                                  PyRosetta-4                                  │
│               Created in JHU by Sergey Lyskov and PyRosetta Team              │
│               (C) Copyright Rosetta Commons Member Institutions               │
│                                                                               │
│ NOTE: USE OF PyRosetta FOR COMMERCIAL PURPOSES REQUIRES PURCHASE OF A LICENSE │
│          See LICENSE.PyRosetta.md or email license@uw.edu for details         │
└───────────────────────────────────────────────────────────────────────────────┘
PyRosetta-4 2026 [Rosetta PyRosetta4.Release.python313.ubuntu 2026.03+releasequarterly.5e498f1409c68ade56c8ce5842bf79e1b02e8db4 2026-01-13T13:24:11] retrieved from: http://www.pyrosetta.org
┌───────────────────────────────────────────────────────────────────────────────┐
│                                  PyRosetta-4                                  │
│               Created in JHU by Sergey Lyskov and PyRosetta Team              │
│               (C) Copyright Rosetta Commons Member Institutions               │
│                                                                               │
│ NOTE: USE OF PyRosetta FOR COMMERCIAL PURPOSES REQUIRES PURCHASE OF A LICENSE │
│          See LICENSE.PyRosetta.md or email license@uw.edu for details         │
└───────────────────────────────────────────────────────────────────────────────┘
PyRosetta-4 2026 [Rosetta PyRosetta4.Release.python313.ubuntu 2026.03+releasequarterly.5e498f1409c68ade56c8ce5842bf79e1b02e8db4 2026-01-13T13:24:11] retrieved from: http://www.pyrosetta.org
┌───────────────────────────────────────────────────────────────────────────────┐
│                                  PyRosetta-4                                  │
│               Created in JHU by Sergey Lyskov and PyRosetta Team              │
│               (C) Copyright Rosetta Commons Member Institutions               │
│                                                                               │
│ NOTE: USE OF PyRosetta FOR COMMERCIAL PURPOSES REQUIRES PURCHASE OF A LICENSE │
│          See LICENSE.PyRosetta.md or email license@uw.edu for details         │
└───────────────────────────────────────────────────────────────────────────────┘
PyRosetta-4 2026 [Rosetta PyRosetta4.Release.python313.ubuntu 2026.03+releasequarterly.5e498f1409c68ade56c8ce5842bf79e1b02e8db4 2026-01-13T13:24:11] retrieved from: http://www.pyrosetta.org
┌───────────────────────────────────────────────────────────────────────────────┐
│                                  PyRosetta-4                                  │
│               Created in JHU by Sergey Lyskov and PyRosetta Team              │
│               (C) Copyright Rosetta Commons Member Institutions               │
│                                                                               │
│ NOTE: USE OF PyRosetta FOR COMMERCIAL PURPOSES REQUIRES PURCHASE OF A LICENSE │
│          See LICENSE.PyRosetta.md or email license@uw.edu for details         │
└───────────────────────────────────────────────────────────────────────────────┘
PyRosetta-4 2026 [Rosetta PyRosetta4.Release.python313.ubuntu 2026.03+releasequarterly.5e498f1409c68ade56c8ce5842bf79e1b02e8db4 2026-01-13T13:24:11] retrieved from: http://www.pyrosetta.org
┌───────────────────────────────────────────────────────────────────────────────┐
│                                  PyRosetta-4                                  │
│               Created in JHU by Sergey Lyskov and PyRosetta Team              │
│               (C) Copyright Rosetta Commons Member Institutions               │
│                                                                               │
│ NOTE: USE OF PyRosetta FOR COMMERCIAL PURPOSES REQUIRES PURCHASE OF A LICENSE │
│          See LICENSE.PyRosetta.md or email license@uw.edu for details         │
└───────────────────────────────────────────────────────────────────────────────┘
PyRosetta-4 2026 [Rosetta PyRosetta4.Release.python313.ubuntu 2026.03+releasequarterly.5e498f1409c68ade56c8ce5842bf79e1b02e8db4 2026-01-13T13:24:11] retrieved from: http://www.pyrosetta.org
┌───────────────────────────────────────────────────────────────────────────────┐
│                                  PyRosetta-4                                  │
│               Created in JHU by Sergey Lyskov and PyRosetta Team              │
│               (C) Copyright Rosetta Commons Member Institutions               │
│                                                                               │
│ NOTE: USE OF PyRosetta FOR COMMERCIAL PURPOSES REQUIRES PURCHASE OF A LICENSE │
│          See LICENSE.PyRosetta.md or email license@uw.edu for details         │
└───────────────────────────────────────────────────────────────────────────────┘
PyRosetta-4 2026 [Rosetta PyRosetta4.Release.python313.ubuntu 2026.03+releasequarterly.5e498f1409c68ade56c8ce5842bf79e1b02e8db4 2026-01-13T13:24:11] retrieved from: http://www.pyrosetta.org
concurrent.futures.process._RemoteTraceback: 
"""
Traceback (most recent call last):
  File "/wynton/home/cbi/shared/software/CBI/miniforge3-26.3.2-2/lib/python3.13/concurrent/futures/process.py", line 254, in _process_worker
    r = call_item.fn(*call_item.args, **call_item.kwargs)
  File "/wynton/home/cbi/shared/software/CBI/miniforge3-26.3.2-2/lib/python3.13/concurrent/futures/process.py", line 203, in _process_chunk
    return [fn(*args) for args in chunk]
            ~~^^^^^^^
  File "/wynton/home/rotation/geanhu/multi-state/scripts/utils/pyrosetta-fastrelax-sidechains-score.py", line 103, in worker
    relax.apply(pose, 1) #type: ignore
    ~~~~~~~~~~~^^^^^^^^^
TypeError: apply(): incompatible function arguments. The following argument types are supported:
    1. (self: pyrosetta.rosetta.protocols.relax.FastRelax, pose: pyrosetta.rosetta.core.pose.Pose) -> None

Invoked with: <pyrosetta.rosetta.protocols.relax.FastRelax object at 0x14e665ccd730>, <pyrosetta.rosetta.core.pose.Pose object at 0x14e66587fab0>, 1
"""

The above exception was the direct cause of the following exception:

Traceback (most recent call last):
  File "/wynton/home/rotation/geanhu/multi-state/scripts/utils/pyrosetta-fastrelax-sidechains-score.py", line 120, in <module>
    main()
    ~~~~^^
  File "/wynton/home/rotation/geanhu/multi-state/scripts/utils/pyrosetta-fastrelax-sidechains-score.py", line 62, in main
    results = dict(tqdm(
        executor.map(worker, tasks),
        total=len(tasks)
    ))
  File "/wynton/home/cbi/shared/software/CBI/miniforge3-26.3.2-2/lib/python3.13/site-packages/tqdm/std.py", line 1181, in __iter__
    for obj in iterable:
               ^^^^^^^^
  File "/wynton/home/cbi/shared/software/CBI/miniforge3-26.3.2-2/lib/python3.13/concurrent/futures/process.py", line 617, in _chain_from_iterable_of_lists
    for element in iterable:
                   ^^^^^^^^
  File "/wynton/home/cbi/shared/software/CBI/miniforge3-26.3.2-2/lib/python3.13/concurrent/futures/_base.py", line 619, in result_iterator
    yield _result_or_cancel(fs.pop())
          ~~~~~~~~~~~~~~~~~^^^^^^^^^^
  File "/wynton/home/cbi/shared/software/CBI/miniforge3-26.3.2-2/lib/python3.13/concurrent/futures/_base.py", line 317, in _result_or_cancel
    return fut.result(timeout)
           ~~~~~~~~~~^^^^^^^^^
  File "/wynton/home/cbi/shared/software/CBI/miniforge3-26.3.2-2/lib/python3.13/concurrent/futures/_base.py", line 456, in result
    return self.__get_result()
           ~~~~~~~~~~~~~~~~~^^
  File "/wynton/home/cbi/shared/software/CBI/miniforge3-26.3.2-2/lib/python3.13/concurrent/futures/_base.py", line 401, in __get_result
    raise self._exception
TypeError: apply(): incompatible function arguments. The following argument types are supported:
    1. (self: pyrosetta.rosetta.protocols.relax.FastRelax, pose: pyrosetta.rosetta.core.pose.Pose) -> None

Invoked with: <pyrosetta.rosetta.protocols.relax.FastRelax object at 0x14e665ccd730>, <pyrosetta.rosetta.core.pose.Pose object at 0x14e66587fab0>, 1
End: Thu Aug  6 17:29:13 PDT 2026
