Start: Thu Aug  6 17:32:29 PDT 2026
qb3-id112.wynton.ucsf.edu
==============================================================
job_number:                 4427009
exec_file:                  job_scripts/4427009
submission_time:            Thu Aug  6 17:31:42 2026
owner:                      geanhu
uid:                        64854
group:                      wynton-rotation
gid:                        60001
sge_o_home:                 /wynton/home/rotation/geanhu
sge_o_log_name:             geanhu
sge_o_path:                 /wynton/home/cbi/shared/software/CBI/miniforge3-26.3.2-2/condabin:/wynton/home/cbi/shared/software/CBI/miniforge3-26.3.2-2/bin:/wynton/home/rotation/geanhu/.local/bin:/wynton/home/rotation/geanhu/bin:/opt/sge/bin:/opt/sge/bin/lx-amd64:/usr/local/bin:/usr/bin:/usr/local/sbin:/usr/sbin:/wynton/home/ferrin/goddard/localcolabfold/localcolabfold/colabfold-conda/bin:/wynton/home/kortemme/xingjiepan/Softwares/Rosetta/Rosetta/main/source/bin
sge_o_shell:                /bin/bash
sge_o_workdir:              /wynton/home/rotation/geanhu/multi-state/scripts
sge_o_host:                 dev3
account:                    sge
cwd:                        /wynton/home/rotation/geanhu/multi-state/scripts
merge:                      y
hard resource_list:         h_rt=1800,mem_free=8G,scratch=1G
mail_list:                  geanhu@dev3.wynton.ucsf.edu
notify:                     FALSE
job_name:                   multi
stdout_path_list:           NONE:NONE:logs/misc/$JOB_ID.log
jobshare:                   0
hard_queue_list:            short.q
shell_list:                 NONE:/bin/bash
env_list:                   TERM=NONE
script_file:                multi-cpu.sh
parallel environment:  smp range: 8
project:                    wynton-rotation
binding:                    NONE
job_type:                   NONE
usage         1:            cpu=00:00:00, mem=0.00000 GB s, io=0.00000 GB, vmem=N/A, maxvmem=N/A
binding       1:            NONE
scheduling info:            (Collecting of scheduler job information is turned off)
------Start of script-------
#!/bin/bash
#$ -S /bin/bash
#$ -q short.q
#$ -cwd
#$ -N multi
#$ -o logs/misc/$JOB_ID.log
#$ -j y
#$ -l h_rt=00:30:00
#$ -l mem_free=8G
#$ -l scratch=1G
#$ -pe smp 8

# metadata
echo "Start: $(date)"
echo "$(hostname)"
[[ -n "$JOB_ID" ]] && qstat -j "$JOB_ID"
echo "------Start of script-------"
cat "$0"
echo "-------End of script---------"

# setup env
module load CBI miniforge3
conda activate pyrosetta

# run
python ~/multi-state/scripts/utils/pyrosetta-fastrelax-sidechains-score.py \
    '/wynton/home/rotation/geanhu/multi-state/data/mpnn-output/5KPE-5KPH_multi-state/temp1/backbones' \
    '/wynton/home/rotation/geanhu/multi-state/data/pyrosetta-output/5KPE-5KPH_multi-state/temp1'

#end
echo "End: $(date)"-------End of script---------
Using 8 threads to process 4128 files
  0%|          | 0/4128 [00:00<?, ?it/s]  0%|          | 1/4128 [00:13<15:05:21, 13.16s/it]  0%|          | 2/4128 [00:15<8:06:17,  7.07s/it]   0%|          | 5/4128 [00:21<3:48:38,  3.33s/it]  0%|          | 6/4128 [00:25<4:04:15,  3.56s/it]  0%|          | 9/4128 [00:32<3:19:33,  2.91s/it]  0%|          | 15/4128 [00:40<2:11:56,  1.92s/it]  0%|          | 17/4128 [00:41<1:51:20,  1.63s/it]  0%|          | 18/4128 [00:42<1:49:37,  1.60s/it]  1%|          | 22/4128 [00:43<1:04:19,  1.06it/s]  1%|          | 23/4128 [00:52<2:24:21,  2.11s/it]  1%|          | 24/4128 [00:55<2:25:22,  2.13s/it]  1%|          | 29/4128 [00:59<1:36:35,  1.41s/it]  1%|          | 31/4128 [01:02<1:42:47,  1.51s/it]  1%|          | 33/4128 [01:08<2:07:31,  1.87s/it]  1%|          | 37/4128 [01:11<1:37:49,  1.43s/it]  1%|          | 39/4128 [01:16<1:52:15,  1.65s/it]  1%|          | 43/4128 [01:23<1:52:41,  1.66s/it]